Archive member included to satisfy reference by file (symbol)

c:/st/stm32cubeide_1.9.0/stm32cubeide/plugins/com.st.stm32cube.ide.mcu.externaltools.gnu-tools-for-stm32.10.3-2021.10.win32_1.0.0.202111181127/tools/bin/../lib/gcc/arm-none-eabi/10.3.1/../../../../arm-none-eabi/lib/thumb/v7-m/nofp\libc_nano.a(lib_a-errno.o)
                              ./Core/Src/syscalls.o (__errno)
c:/st/stm32cubeide_1.9.0/stm32cubeide/plugins/com.st.stm32cube.ide.mcu.externaltools.gnu-tools-for-stm32.10.3-2021.10.win32_1.0.0.202111181127/tools/bin/../lib/gcc/arm-none-eabi/10.3.1/../../../../arm-none-eabi/lib/thumb/v7-m/nofp\libc_nano.a(lib_a-exit.o)
                              c:/st/stm32cubeide_1.9.0/stm32cubeide/plugins/com.st.stm32cube.ide.mcu.externaltools.gnu-tools-for-stm32.10.3-2021.10.win32_1.0.0.202111181127/tools/bin/../lib/gcc/arm-none-eabi/10.3.1/../../../../arm-none-eabi/lib/thumb/v7-m/nofp/crt0.o (exit)
c:/st/stm32cubeide_1.9.0/stm32cubeide/plugins/com.st.stm32cube.ide.mcu.externaltools.gnu-tools-for-stm32.10.3-2021.10.win32_1.0.0.202111181127/tools/bin/../lib/gcc/arm-none-eabi/10.3.1/../../../../arm-none-eabi/lib/thumb/v7-m/nofp\libc_nano.a(lib_a-impure.o)
                              c:/st/stm32cubeide_1.9.0/stm32cubeide/plugins/com.st.stm32cube.ide.mcu.externaltools.gnu-tools-for-stm32.10.3-2021.10.win32_1.0.0.202111181127/tools/bin/../lib/gcc/arm-none-eabi/10.3.1/../../../../arm-none-eabi/lib/thumb/v7-m/nofp\libc_nano.a(lib_a-exit.o) (_global_impure_ptr)
c:/st/stm32cubeide_1.9.0/stm32cubeide/plugins/com.st.stm32cube.ide.mcu.externaltools.gnu-tools-for-stm32.10.3-2021.10.win32_1.0.0.202111181127/tools/bin/../lib/gcc/arm-none-eabi/10.3.1/../../../../arm-none-eabi/lib/thumb/v7-m/nofp\libc_nano.a(lib_a-init.o)
                              c:/st/stm32cubeide_1.9.0/stm32cubeide/plugins/com.st.stm32cube.ide.mcu.externaltools.gnu-tools-for-stm32.10.3-2021.10.win32_1.0.0.202111181127/tools/bin/../lib/gcc/arm-none-eabi/10.3.1/../../../../arm-none-eabi/lib/thumb/v7-m/nofp/crt0.o (__libc_init_array)
c:/st/stm32cubeide_1.9.0/stm32cubeide/plugins/com.st.stm32cube.ide.mcu.externaltools.gnu-tools-for-stm32.10.3-2021.10.win32_1.0.0.202111181127/tools/bin/../lib/gcc/arm-none-eabi/10.3.1/../../../../arm-none-eabi/lib/thumb/v7-m/nofp\libc_nano.a(lib_a-memset.o)
                              c:/st/stm32cubeide_1.9.0/stm32cubeide/plugins/com.st.stm32cube.ide.mcu.externaltools.gnu-tools-for-stm32.10.3-2021.10.win32_1.0.0.202111181127/tools/bin/../lib/gcc/arm-none-eabi/10.3.1/../../../../arm-none-eabi/lib/thumb/v7-m/nofp/crt0.o (memset)
c:/st/stm32cubeide_1.9.0/stm32cubeide/plugins/com.st.stm32cube.ide.mcu.externaltools.gnu-tools-for-stm32.10.3-2021.10.win32_1.0.0.202111181127/tools/bin/../lib/gcc/arm-none-eabi/10.3.1/../../../../arm-none-eabi/lib/thumb/v7-m/nofp\libc_nano.a(lib_a-sscanf.o)
                              ./Core/Src/main.o (sscanf)
c:/st/stm32cubeide_1.9.0/stm32cubeide/plugins/com.st.stm32cube.ide.mcu.externaltools.gnu-tools-for-stm32.10.3-2021.10.win32_1.0.0.202111181127/tools/bin/../lib/gcc/arm-none-eabi/10.3.1/../../../../arm-none-eabi/lib/thumb/v7-m/nofp\libc_nano.a(lib_a-stdio.o)
                              c:/st/stm32cubeide_1.9.0/stm32cubeide/plugins/com.st.stm32cube.ide.mcu.externaltools.gnu-tools-for-stm32.10.3-2021.10.win32_1.0.0.202111181127/tools/bin/../lib/gcc/arm-none-eabi/10.3.1/../../../../arm-none-eabi/lib/thumb/v7-m/nofp\libc_nano.a(lib_a-sscanf.o) (__seofread)
c:/st/stm32cubeide_1.9.0/stm32cubeide/plugins/com.st.stm32cube.ide.mcu.externaltools.gnu-tools-for-stm32.10.3-2021.10.win32_1.0.0.202111181127/tools/bin/../lib/gcc/arm-none-eabi/10.3.1/../../../../arm-none-eabi/lib/thumb/v7-m/nofp\libc_nano.a(lib_a-strlen.o)
                              ./Core/Src/ring_buffer.o (strlen)
c:/st/stm32cubeide_1.9.0/stm32cubeide/plugins/com.st.stm32cube.ide.mcu.externaltools.gnu-tools-for-stm32.10.3-2021.10.win32_1.0.0.202111181127/tools/bin/../lib/gcc/arm-none-eabi/10.3.1/../../../../arm-none-eabi/lib/thumb/v7-m/nofp\libc_nano.a(lib_a-writer.o)
                              c:/st/stm32cubeide_1.9.0/stm32cubeide/plugins/com.st.stm32cube.ide.mcu.externaltools.gnu-tools-for-stm32.10.3-2021.10.win32_1.0.0.202111181127/tools/bin/../lib/gcc/arm-none-eabi/10.3.1/../../../../arm-none-eabi/lib/thumb/v7-m/nofp\libc_nano.a(lib_a-stdio.o) (_write_r)
c:/st/stm32cubeide_1.9.0/stm32cubeide/plugins/com.st.stm32cube.ide.mcu.externaltools.gnu-tools-for-stm32.10.3-2021.10.win32_1.0.0.202111181127/tools/bin/../lib/gcc/arm-none-eabi/10.3.1/../../../../arm-none-eabi/lib/thumb/v7-m/nofp\libc_nano.a(lib_a-closer.o)
                              c:/st/stm32cubeide_1.9.0/stm32cubeide/plugins/com.st.stm32cube.ide.mcu.externaltools.gnu-tools-for-stm32.10.3-2021.10.win32_1.0.0.202111181127/tools/bin/../lib/gcc/arm-none-eabi/10.3.1/../../../../arm-none-eabi/lib/thumb/v7-m/nofp\libc_nano.a(lib_a-stdio.o) (_close_r)
[...]
Memory Configuration

Name             Origin             Length             Attributes
RAM              0x0000000020000000 0x0000000000010000 xrw
FLASH            0x0000000008000000 0x0000000000080000 xr
*default*        0x0000000000000000 0xffffffffffffffff

Linker script and memory map

LOAD c:/st/stm32cubeide_1.9.0/stm32cubeide/plugins/com.st.stm32cube.ide.mcu.externaltools.gnu-tools-for-stm32.10.3-2021.10.win32_1.0.0.202111181127/tools/bin/../lib/gcc/arm-none-eabi/10.3.1/thumb/v7-m/nofp/crti.o
LOAD c:/st/stm32cubeide_1.9.0/stm32cubeide/plugins/com.st.stm32cube.ide.mcu.externaltools.gnu-tools-for-stm32.10.3-2021.10.win32_1.0.0.202111181127/tools/bin/../lib/gcc/arm-none-eabi/10.3.1/thumb/v7-m/nofp/crtbegin.o
LOAD c:/st/stm32cubeide_1.9.0/stm32cubeide/plugins/com.st.stm32cube.ide.mcu.externaltools.gnu-tools-for-stm32.10.3-2021.10.win32_1.0.0.202111181127/tools/bin/../lib/gcc/arm-none-eabi/10.3.1/../../../../arm-none-eabi/lib/thumb/v7-m/nofp/crt0.o
LOAD ./Core/Src/UI.o
LOAD ./Core/Src/alarm.o
LOAD ./Core/Src/bsp_usart.o
LOAD ./Core/Src/buzzer.o
LOAD ./Core/Src/dht11.o
LOAD ./Core/Src/esp8266.o
LOAD ./Core/Src/lcdtp.o
LOAD ./Core/Src/main.o
LOAD ./Core/Src/pet.o
LOAD ./Core/Src/printf.o
LOAD ./Core/Src/ring_buffer.o
LOAD ./Core/Src/rtc.o
LOAD ./Core/Src/stm32f1xx_hal_msp.o
LOAD ./Core/Src/stm32f1xx_it.o
LOAD ./Core/Src/syscalls.o
LOAD ./Core/Src/sysmem.o
LOAD ./Core/Src/system_stm32f1xx.o
LOAD ./Core/Src/timer.o
LOAD ./Core/Src/xpt2046.o
LOAD ./Core/Startup/startup_stm32f103vetx.o
LOAD ./Core/batch/cold1.o
LOAD ./Core/batch/cold2.o
LOAD ./Core/batch/happy1.o
LOAD ./Core/batch/hot1.o
LOAD ./Core/batch/hot2.o
LOAD ./Core/batch/normal.o
LOAD ./Core/batch/sleep1.o
LOAD ./Core/batch/sleep2.o
LOAD ./Core/batch/sleep3.o
LOAD ./Core/batch/sleep_water.o
LOAD ./Core/batch/water1.o
LOAD ./Core/batch/water1_night.o
LOAD ./Core/batch/water2.o
LOAD ./Core/batch/water2_night.o
LOAD ./Core/batch/water3.o
LOAD ./Core/batch/water3_night.o
LOAD ./Drivers/STM32F1xx_HAL_Driver/Src/stm32f1xx_hal.o
LOAD ./Drivers/STM32F1xx_HAL_Driver/Src/stm32f1xx_hal_adc.o
LOAD ./Drivers/STM32F1xx_HAL_Driver/Src/stm32f1xx_hal_adc_ex.o
LOAD ./Drivers/STM32F1xx_HAL_Driver/Src/stm32f1xx_hal_cortex.o
LOAD ./Drivers/STM32F1xx_HAL_Driver/Src/stm32f1xx_hal_dma.o
LOAD ./Drivers/STM32F1xx_HAL_Driver/Src/stm32f1xx_hal_flash.o
LOAD ./Drivers/STM32F1xx_HAL_Driver/Src/stm32f1xx_hal_flash_ex.o
LOAD ./Drivers/STM32F1xx_HAL_Driver/Src/stm32f1xx_hal_gpio.o
LOAD ./Drivers/STM32F1xx_HAL_Driver/Src/stm32f1xx_hal_gpio_ex.o
LOAD ./Drivers/STM32F1xx_HAL_Driver/Src/stm32f1xx_hal_pwr.o
LOAD ./Drivers/STM32F1xx_HAL_Driver/Src/stm32f1xx_hal_rcc.o
LOAD ./Drivers/STM32F1xx_HAL_Driver/Src/stm32f1xx_hal_rcc_ex.o
LOAD ./Drivers/STM32F1xx_HAL_Driver/Src/stm32f1xx_hal_rtc.o
LOAD ./Drivers/STM32F1xx_HAL_Driver/Src/stm32f1xx_hal_rtc_ex.o
LOAD ./Drivers/STM32F1xx_HAL_Driver/Src/stm32f1xx_hal_sram.o
LOAD ./Drivers/STM32F1xx_HAL_Driver/Src/stm32f1xx_hal_tim.o
LOAD ./Drivers/STM32F1xx_HAL_Driver/Src/stm32f1xx_hal_tim_ex.o
LOAD ./Drivers/STM32F1xx_HAL_Driver/Src/stm32f1xx_hal_uart.o
LOAD ./Drivers/STM32F1xx_HAL_Driver/Src/stm32f1xx_ll_fsmc.o
START GROUP
LOAD c:/st/stm32cubeide_1.9.0/stm32cubeide/plugins/com.st.stm32cube.ide.mcu.externaltools.gnu-tools-for-stm32.10.3-2021.10.win32_1.0.0.202111181127/tools/bin/../lib/gcc/arm-none-eabi/10.3.1/../../../../arm-none-eabi/lib/thumb/v7-m/nofp\libc_nano.a
LOAD c:/st/stm32cubeide_1.9.0/stm32cubeide/plugins/com.st.stm32cube.ide.mcu.externaltools.gnu-tools-for-stm32.10.3-2021.10.win32_1.0.0.202111181127/tools/bin/../lib/gcc/arm-none-eabi/10.3.1/../../../../arm-none-eabi/lib/thumb/v7-m/nofp\libm.a
END GROUP
START GROUP
LOAD c:/st/stm32cubeide_1.9.0/stm32cubeide/plugins/com.st.stm32cube.ide.mcu.externaltools.gnu-tools-for-stm32.10.3-2021.10.win32_1.0.0.202111181127/tools/bin/../lib/gcc/arm-none-eabi/10.3.1/thumb/v7-m/nofp\libgcc.a
LOAD c:/st/stm32cubeide_1.9.0/stm32cubeide/plugins/com.st.stm32cube.ide.mcu.externaltools.gnu-tools-for-stm32.10.3-2021.10.win32_1.0.0.202111181127/tools/bin/../lib/gcc/arm-none-eabi/10.3.1/../../../../arm-none-eabi/lib/thumb/v7-m/nofp\libc_nano.a
END GROUP
START GROUP
LOAD c:/st/stm32cubeide_1.9.0/stm32cubeide/plugins/com.st.stm32cube.ide.mcu.externaltools.gnu-tools-for-stm32.10.3-2021.10.win32_1.0.0.202111181127/tools/bin/../lib/gcc/arm-none-eabi/10.3.1/thumb/v7-m/nofp\libgcc.a
LOAD c:/st/stm32cubeide_1.9.0/stm32cubeide/plugins/com.st.stm32cube.ide.mcu.externaltools.gnu-tools-for-stm32.10.3-2021.10.win32_1.0.0.202111181127/tools/bin/../lib/gcc/arm-none-eabi/10.3.1/../../../../arm-none-eabi/lib/thumb/v7-m/nofp\libc_nano.a
LOAD c:/st/stm32cubeide_1.9.0/stm32cubeide/plugins/com.st.stm32cube.ide.mcu.externaltools.gnu-tools-for-stm32.10.3-2021.10.win32_1.0.0.202111181127/tools/bin/../lib/gcc/arm-none-eabi/10.3.1/../../../../arm-none-eabi/lib/thumb/v7-m/nofp\libnosys.a
END GROUP
START GROUP
LOAD c:/st/stm32cubeide_1.9.0/stm32cubeide/plugins/com.st.stm32cube.ide.mcu.externaltools.gnu-tools-for-stm32.10.3-2021.10.win32_1.0.0.202111181127/tools/bin/../lib/gcc/arm-none-eabi/10.3.1/thumb/v7-m/nofp\libgcc.a
LOAD c:/st/stm32cubeide_1.9.0/stm32cubeide/plugins/com.st.stm32cube.ide.mcu.externaltools.gnu-tools-for-stm32.10.3-2021.10.win32_1.0.0.202111181127/tools/bin/../lib/gcc/arm-none-eabi/10.3.1/../../../../arm-none-eabi/lib/thumb/v7-m/nofp\libc_nano.a
LOAD c:/st/stm32cubeide_1.9.0/stm32cubeide/plugins/com.st.stm32cube.ide.mcu.externaltools.gnu-tools-for-stm32.10.3-2021.10.win32_1.0.0.202111181127/tools/bin/../lib/gcc/arm-none-eabi/10.3.1/../../../../arm-none-eabi/lib/thumb/v7-m/nofp\libnosys.a
END GROUP
LOAD c:/st/stm32cubeide_1.9.0/stm32cubeide/plugins/com.st.stm32cube.ide.mcu.externaltools.gnu-tools-for-stm32.10.3-2021.10.win32_1.0.0.202111181127/tools/bin/../lib/gcc/arm-none-eabi/10.3.1/thumb/v7-m/nofp/crtend.o
LOAD c:/st/stm32cubeide_1.9.0/stm32cubeide/plugins/com.st.stm32cube.ide.mcu.externaltools.gnu-tools-for-stm32.10.3-2021.10.win32_1.0.0.202111181127/tools/bin/../lib/gcc/arm-none-eabi/10.3.1/thumb/v7-m/nofp/crtn.o
                0x0000000020010000                _estack = (ORIGIN (RAM) + LENGTH (RAM))
                0x0000000000000200                _Min_Heap_Size = 0x200
                0x0000000000000400                _Min_Stack_Size = 0x400

.isr_vector     0x0000000008000000      0x1e4
                0x0000000008000000                . = ALIGN (0x4)
 *(.isr_vector)
 .isr_vector    0x0000000008000000      0x1e4 ./Core/Startup/startup_stm32f103vetx.o
                0x0000000008000000                g_pfnVectors
                0x00000000080001e4                . = ALIGN (0x4)

.text           0x00000000080001e8     0xca34
                0x00000000080001e8                . = ALIGN (0x4)
 *(.text)
 .text          0x00000000080001e8       0x40 c:/st/stm32cubeide_1.9.0/stm32cubeide/plugins/com.st.stm32cube.ide.mcu.externaltools.gnu-tools-for-stm32.10.3-2021.10.win32_1.0.0.202111181127/tools/bin/../lib/gcc/arm-none-eabi/10.3.1/thumb/v7-m/nofp/crtbegin.o
 .text          0x0000000008000228       0x10 c:/st/stm32cubeide_1.9.0/stm32cubeide/plugins/com.st.stm32cube.ide.mcu.externaltools.gnu-tools-for-stm32.10.3-2021.10.win32_1.0.0.202111181127/tools/bin/../lib/gcc/arm-none-eabi/10.3.1/../../../../arm-none-eabi/lib/thumb/v7-m/nofp\libc_nano.a(lib_a-strlen.o)
                0x0000000008000228                strlen
 .text          0x0000000008000238      0x378 c:/st/stm32cubeide_1.9.0/stm32cubeide/plugins/com.st.stm32cube.ide.mcu.externaltools.gnu-tools-for-stm32.10.3-2021.10.win32_1.0.0.202111181127/tools/bin/../lib/gcc/arm-none-eabi/10.3.1/thumb/v7-m/nofp\libgcc.a(_arm_addsubdf3.o)
                0x0000000008000238                __aeabi_drsub
                0x0000000008000240                __aeabi_dsub
                0x0000000008000240                __subdf3
                0x0000000008000244                __aeabi_dadd
                0x0000000008000244                __adddf3
                0x00000000080004bc                __floatunsidf
                0x00000000080004bc                __aeabi_ui2d
                0x00000000080004dc                __floatsidf
                0x00000000080004dc                __aeabi_i2d
                0x0000000008000500                __aeabi_f2d
                0x0000000008000500                __extendsfdf2
                0x0000000008000544                __floatundidf
                0x0000000008000544                __aeabi_ul2d
                0x0000000008000554                __floatdidf
                0x0000000008000554                __aeabi_l2d
 .text          0x00000000080005b0      0x424 c:/st/stm32cubeide_1.9.0/stm32cubeide/plugins/com.st.stm32cube.ide.mcu.externaltools.gnu-tools-for-stm32.10.3-2021.10.win32_1.0.0.202111181127/tools/bin/../lib/gcc/arm-none-eabi/10.3.1/thumb/v7-m/nofp\libgcc.a(_arm_muldivdf3.o)
                0x00000000080005b0                __aeabi_dmul
                0x00000000080005b0                __muldf3
                0x0000000008000804                __divdf3
                0x0000000008000804                __aeabi_ddiv
 .text          0x00000000080009d4      0x110 c:/st/stm32cubeide_1.9.0/stm32cubeide/plugins/com.st.stm32cube.ide.mcu.externaltools.gnu-tools-for-stm32.10.3-2021.10.win32_1.0.0.202111181127/tools/bin/../lib/gcc/arm-none-eabi/10.3.1/thumb/v7-m/nofp\libgcc.a(_arm_cmpdf2.o)
                0x00000000080009d4                __gtdf2
                0x00000000080009d4                __gedf2
                0x00000000080009dc                __ltdf2
                0x00000000080009dc                __ledf2
                0x00000000080009e4                __nedf2
                0x00000000080009e4                __eqdf2
                0x00000000080009e4                __cmpdf2
                0x0000000008000a60                __aeabi_cdrcmple
                0x0000000008000a70                __aeabi_cdcmpeq
                0x0000000008000a70                __aeabi_cdcmple
                0x0000000008000a80                __aeabi_dcmpeq
                0x0000000008000a94                __aeabi_dcmplt
                0x0000000008000aa8                __aeabi_dcmple
                0x0000000008000abc                __aeabi_dcmpge
                0x0000000008000ad0                __aeabi_dcmpgt
 .text          0x0000000008000ae4       0x50 c:/st/stm32cubeide_1.9.0/stm32cubeide/plugins/com.st.stm32cube.ide.mcu.externaltools.gnu-tools-for-stm32.10.3-2021.10.win32_1.0.0.202111181127/tools/bin/../lib/gcc/arm-none-eabi/10.3.1/thumb/v7-m/nofp\libgcc.a(_arm_fixdfsi.o)
                0x0000000008000ae4                __aeabi_d2iz
                0x0000000008000ae4                __fixdfsi
 .text          0x0000000008000b34       0x40 c:/st/stm32cubeide_1.9.0/stm32cubeide/plugins/com.st.stm32cube.ide.mcu.externaltools.gnu-tools-for-stm32.10.3-2021.10.win32_1.0.0.202111181127/tools/bin/../lib/gcc/arm-none-eabi/10.3.1/thumb/v7-m/nofp\libgcc.a(_arm_fixunsdfsi.o)
                0x0000000008000b34                __aeabi_d2uiz
                0x0000000008000b34                __fixunsdfsi
 .text          0x0000000008000b74       0x30 c:/st/stm32cubeide_1.9.0/stm32cubeide/plugins/com.st.stm32cube.ide.mcu.externaltools.gnu-tools-for-stm32.10.3-2021.10.win32_1.0.0.202111181127/tools/bin/../lib/gcc/arm-none-eabi/10.3.1/thumb/v7-m/nofp\libgcc.a(_aeabi_uldivmod.o)
                0x0000000008000b74                __aeabi_uldivmod
 .text          0x0000000008000ba4      0x2d4 c:/st/stm32cubeide_1.9.0/stm32cubeide/plugins/com.st.stm32cube.ide.mcu.externaltools.gnu-tools-for-stm32.10.3-2021.10.win32_1.0.0.202111181127/tools/bin/../lib/gcc/arm-none-eabi/10.3.1/thumb/v7-m/nofp\libgcc.a(_udivmoddi4.o)
                0x0000000008000ba4                __udivmoddi4
 .text          0x0000000008000e78        0x4 c:/st/stm32cubeide_1.9.0/stm32cubeide/plugins/com.st.stm32cube.ide.mcu.externaltools.gnu-tools-for-stm32.10.3-2021.10.win32_1.0.0.202111181127/tools/bin/../lib/gcc/arm-none-eabi/10.3.1/thumb/v7-m/nofp\libgcc.a(_dvmd_tls.o)
                0x0000000008000e78                __aeabi_idiv0
                0x0000000008000e78                __aeabi_ldiv0
 *(.text*)
 .text.Check_touchkey
                0x0000000008000e7c       0x54 ./Core/Src/UI.o
                0x0000000008000e7c                Check_touchkey
 .text.Render   0x0000000008000ed0       0x84 ./Core/Src/UI.o
                0x0000000008000ed0                Render
 .text.UI_Drink_Water
                0x0000000008000f54       0xf8 ./Core/Src/UI.o
                0x0000000008000f54                UI_Drink_Water
 .text.UI_WATER_WIFI_HANDLE
                0x000000000800104c       0x98 ./Core/Src/UI.o
                0x000000000800104c                UI_WATER_WIFI_HANDLE
 .text.UI_Home  0x00000000080010e4       0x24 ./Core/Src/UI.o
                0x00000000080010e4                UI_Home
 .text.UI_Home_Display_Button
                0x0000000008001108       0x9c ./Core/Src/UI.o
                0x0000000008001108                UI_Home_Display_Button
 .text.UI_Home_Display_Date
                0x00000000080011a4       0x78 ./Core/Src/UI.o
                0x00000000080011a4                UI_Home_Display_Date
 .text.UI_Home_Display_Time
                0x000000000800121c       0x74 ./Core/Src/UI.o
                0x000000000800121c                UI_Home_Display_Time
 .text.UI_Home_Display_Pet
                0x0000000008001290       0x24 ./Core/Src/UI.o
                0x0000000008001290                UI_Home_Display_Pet
 .text.UI_Home_Display_DHT11
                0x00000000080012b4       0xbc ./Core/Src/UI.o
                0x00000000080012b4                UI_Home_Display_DHT11
 .text.UI_Stats
                0x0000000008001370       0x54 ./Core/Src/UI.o
                0x0000000008001370                UI_Stats
 .text.UI_Stats_Update
                0x00000000080013c4      0x1d0 ./Core/Src/UI.o
                0x00000000080013c4                UI_Stats_Update
 .text.UI_Set   0x0000000008001594       0xd4 ./Core/Src/UI.o
                0x0000000008001594                UI_Set
 .text.UI_Set_Update
                0x0000000008001668       0x70 ./Core/Src/UI.o
                0x0000000008001668                UI_Set_Update
 .text.UI_Config
                0x00000000080016d8       0x34 ./Core/Src/UI.o
                0x00000000080016d8                UI_Config
 .text.UI_Time_set
                0x000000000800170c       0x50 ./Core/Src/UI.o
                0x000000000800170c                UI_Time_set
 .text.alarm_update_next
                0x000000000800175c       0x7c ./Core/Src/alarm.o
                0x000000000800175c                alarm_update_next
 .text.alarm_update_last
                0x00000000080017d8       0x18 ./Core/Src/alarm.o
                0x00000000080017d8                alarm_update_last
 .text.alarm_times_up
                0x00000000080017f0       0x3c ./Core/Src/alarm.o
                0x00000000080017f0                alarm_times_up
 .text.alarm_release
                0x000000000800182c       0x20 ./Core/Src/alarm.o
                0x000000000800182c                alarm_release
 .text.debug_alarm_set
                0x000000000800184c       0x20 ./Core/Src/alarm.o
                0x000000000800184c                debug_alarm_set
 .text.DEBUG_USART_Config
                0x000000000800186c       0x54 ./Core/Src/bsp_usart.o
                0x000000000800186c                DEBUG_USART_Config
 .text.WIFI_USART_Config
                0x00000000080018c0       0x54 ./Core/Src/bsp_usart.o
                0x00000000080018c0                WIFI_USART_Config
 .text.Beep_start
                0x0000000008001914       0x14 ./Core/Src/buzzer.o
                0x0000000008001914                Beep_start
 .text.Beep_stop
                0x0000000008001928       0x14 ./Core/Src/buzzer.o
                0x0000000008001928                Beep_stop
 .text.Beep_set
                0x000000000800193c       0x64 ./Core/Src/buzzer.o
                0x000000000800193c                Beep_set
 .text.DHT11_IO_OUT
                0x00000000080019a0       0x38 ./Core/Src/dht11.o
                0x00000000080019a0                DHT11_IO_OUT
 .text.DHT11_IO_IN
                0x00000000080019d8       0x34 ./Core/Src/dht11.o
                0x00000000080019d8                DHT11_IO_IN
 .text.DHT11_RST
                0x0000000008001a0c       0x30 ./Core/Src/dht11.o
                0x0000000008001a0c                DHT11_RST
 .text.Dht11_Check
                0x0000000008001a3c       0x78 ./Core/Src/dht11.o
                0x0000000008001a3c                Dht11_Check
 .text.DHT11_Init
                0x0000000008001ab4       0x12 ./Core/Src/dht11.o
                0x0000000008001ab4                DHT11_Init
 *fill*         0x0000000008001ac6        0x2 
 .text.DHT11_ReadBit
                0x0000000008001ac8       0x78 ./Core/Src/dht11.o
                0x0000000008001ac8                DHT11_ReadBit
 .text.DHT11_ReadByte
                0x0000000008001b40       0x3a ./Core/Src/dht11.o
                0x0000000008001b40                DHT11_ReadByte
 .text.DHT11_ReadData
                0x0000000008001b7a       0x88 ./Core/Src/dht11.o
                0x0000000008001b7a                DHT11_ReadData
 *fill*         0x0000000008001c02        0x2 
 .text.ESP8266_GPIO_Config
                0x0000000008001c04       0x74 ./Core/Src/esp8266.o
                0x0000000008001c04                ESP8266_GPIO_Config
 .text.ESP8266_RESET
                0x0000000008001c78       0x4c ./Core/Src/esp8266.o
                0x0000000008001c78                ESP8266_RESET
 .text.esp8266_cmd_reset
                0x0000000008001cc4       0x44 ./Core/Src/esp8266.o
                0x0000000008001cc4                esp8266_cmd_reset
 .text.esp8266_cmd_set_station
                0x0000000008001d08       0x44 ./Core/Src/esp8266.o
                0x0000000008001d08                esp8266_cmd_set_station
 .text.esp8266_cmd_connectWifi
                0x0000000008001d4c       0x54 ./Core/Src/esp8266.o
                0x0000000008001d4c                esp8266_cmd_connectWifi
 .text.esp8266_cmd_tcp
                0x0000000008001da0       0x44 ./Core/Src/esp8266.o
                0x0000000008001da0                esp8266_cmd_tcp
 .text.esp8266_cmd_trans_mode
                0x0000000008001de4       0x44 ./Core/Src/esp8266.o
                0x0000000008001de4                esp8266_cmd_trans_mode
 .text.esp8266_cmd_send_request
                0x0000000008001e28       0x44 ./Core/Src/esp8266.o
                0x0000000008001e28                esp8266_cmd_send_request
 .text.esp8266_cmd_fill_time_request
                0x0000000008001e6c       0x44 ./Core/Src/esp8266.o
                0x0000000008001e6c                esp8266_cmd_fill_time_request
 .text.esp8266_cmd_fill_water_request
                0x0000000008001eb0       0x44 ./Core/Src/esp8266.o
                0x0000000008001eb0                esp8266_cmd_fill_water_request
 .text.esp8266_cmd_fill_exercise_request
                0x0000000008001ef4       0x4c ./Core/Src/esp8266.o
                0x0000000008001ef4                esp8266_cmd_fill_exercise_request
 .text.esp8266_get_time_buffer
                0x0000000008001f40       0x58 ./Core/Src/esp8266.o
                0x0000000008001f40                esp8266_get_time_buffer
 .text.esp8266_water_done
                0x0000000008001f98       0x34 ./Core/Src/esp8266.o
                0x0000000008001f98                esp8266_water_done
 .text.esp8266_exercise_done
                0x0000000008001fcc       0x34 ./Core/Src/esp8266.o
                0x0000000008001fcc                esp8266_exercise_done
 .text.esp8266_get_time
                0x0000000008002000       0xb0 ./Core/Src/esp8266.o
                0x0000000008002000                esp8266_get_time
 .text.esp8266_update_water
                0x00000000080020b0       0x7c ./Core/Src/esp8266.o
                0x00000000080020b0                esp8266_update_water
 .text.esp8266_update_exercise
                0x000000000800212c       0x7c ./Core/Src/esp8266.o
                0x000000000800212c                esp8266_update_exercise
 .text.Delay    0x00000000080021a8       0x22 ./Core/Src/lcdtp.o
                0x00000000080021a8                Delay
 .text.LCD_INIT
                0x00000000080021ca       0x24 ./Core/Src/lcdtp.o
                0x00000000080021ca                LCD_INIT
 *fill*         0x00000000080021ee        0x2 
 .text.LCD_Rst  0x00000000080021f0       0x30 ./Core/Src/lcdtp.o
                0x00000000080021f0                LCD_Rst
 .text.LCD_BackLed_Control
                0x0000000008002220       0x38 ./Core/Src/lcdtp.o
                0x0000000008002220                LCD_BackLed_Control
 .text.LCD_Write_Cmd
                0x0000000008002258       0x1c ./Core/Src/lcdtp.o
                0x0000000008002258                LCD_Write_Cmd
 .text.LCD_Write_Data
                0x0000000008002274       0x20 ./Core/Src/lcdtp.o
                0x0000000008002274                LCD_Write_Data
 .text.LCD_Read_Data
                0x0000000008002294       0x18 ./Core/Src/lcdtp.o
                0x0000000008002294                LCD_Read_Data
 .text.LCD_REG_Config
                0x00000000080022ac      0x234 ./Core/Src/lcdtp.o
                0x00000000080022ac                LCD_REG_Config
 .text.LCD_OpenWindow
                0x00000000080024e0       0xb2 ./Core/Src/lcdtp.o
                0x00000000080024e0                LCD_OpenWindow
 .text.LCD_FillColor
                0x0000000008002592       0x3c ./Core/Src/lcdtp.o
                0x0000000008002592                LCD_FillColor
 *fill*         0x00000000080025ce        0x2 
 .text.LCD_Clear
                0x00000000080025d0       0x5c ./Core/Src/lcdtp.o
                0x00000000080025d0                LCD_Clear
 .text.LCD_Clear_Color
                0x000000000800262c       0x46 ./Core/Src/lcdtp.o
                0x000000000800262c                LCD_Clear_Color
 .text.LCD_Read_PixelData
                0x0000000008002672       0x66 ./Core/Src/lcdtp.o
                0x0000000008002672                LCD_Read_PixelData
 .text.LCD_GetPointPixel
                0x00000000080026d8       0x2e ./Core/Src/lcdtp.o
                0x00000000080026d8                LCD_GetPointPixel
 *fill*         0x0000000008002706        0x2 
 .text.LCD_DrawChar
                0x0000000008002708       0xb8 ./Core/Src/lcdtp.o
                0x0000000008002708                LCD_DrawChar
 .text.LCD_DrawString
                0x00000000080027c0       0x5e ./Core/Src/lcdtp.o
                0x00000000080027c0                LCD_DrawString
 .text.LCD_DrawDot
                0x000000000800281e       0x3e ./Core/Src/lcdtp.o
                0x000000000800281e                LCD_DrawDot
 *fill*         0x000000000800285c        0x4 
 .text.LCD_DrawCircle
                0x0000000008002860      0x118 ./Core/Src/lcdtp.o
                0x0000000008002860                LCD_DrawCircle
 .text.LCD_DrawChar_Color
                0x0000000008002978       0x9c ./Core/Src/lcdtp.o
                0x0000000008002978                LCD_DrawChar_Color
 .text.LCD_DrawCross
                0x0000000008002a14       0x44 ./Core/Src/lcdtp.o
                0x0000000008002a14                LCD_DrawCross
 .text.LCD_DrawString_Color
                0x0000000008002a58       0x6a ./Core/Src/lcdtp.o
                0x0000000008002a58                LCD_DrawString_Color
 *fill*         0x0000000008002ac2        0x2 
 .text.LCD_GramScan
                0x0000000008002ac4      0x164 ./Core/Src/lcdtp.o
                0x0000000008002ac4                LCD_GramScan
 .text.LCD_Darkmode_Toggle
                0x0000000008002c28       0x6c ./Core/Src/lcdtp.o
                0x0000000008002c28                LCD_Darkmode_Toggle
 .text.LCD_DrawPicture
                0x0000000008002c94       0xd4 ./Core/Src/lcdtp.o
                0x0000000008002c94                LCD_DrawPicture
 .text.main     0x0000000008002d68      0x7bc ./Core/Src/main.o
                0x0000000008002d68                main
 .text.SystemClock_Config
                0x0000000008003524       0xc4 ./Core/Src/main.o
                0x0000000008003524                SystemClock_Config
 .text.MX_ADC1_Init
                0x00000000080035e8       0x7c ./Core/Src/main.o
 .text.MX_TIM1_Init
                0x0000000008003664      0x14c ./Core/Src/main.o
 .text.MX_TIM2_Init
                0x00000000080037b0       0x98 ./Core/Src/main.o
 .text.MX_TIM3_Init
                0x0000000008003848       0x9c ./Core/Src/main.o
 .text.MX_TIM5_Init
                0x00000000080038e4       0x9c ./Core/Src/main.o
 .text.MX_USART1_UART_Init
                0x0000000008003980       0x64 ./Core/Src/main.o
 .text.MX_USART3_UART_Init
                0x00000000080039e4       0x64 ./Core/Src/main.o
 .text.MX_GPIO_Init
                0x0000000008003a48      0x1c8 ./Core/Src/main.o
 .text.MX_FSMC_Init
                0x0000000008003c10       0xc8 ./Core/Src/main.o
 .text.Error_Handler
                0x0000000008003cd8        0xc ./Core/Src/main.o
                0x0000000008003cd8                Error_Handler
 .text._putchar
                0x0000000008003ce4       0x24 ./Core/Src/printf.o
                0x0000000008003ce4                _putchar
 .text._out_buffer
                0x0000000008003d08       0x2c ./Core/Src/printf.o
 .text._out_null
                0x0000000008003d34       0x1a ./Core/Src/printf.o
 .text._out_char
                0x0000000008003d4e       0x26 ./Core/Src/printf.o
 .text._strnlen_s
                0x0000000008003d74       0x38 ./Core/Src/printf.o
 .text._is_digit
                0x0000000008003dac       0x2c ./Core/Src/printf.o
 .text._atoi    0x0000000008003dd8       0x48 ./Core/Src/printf.o
 .text._out_rev
                0x0000000008003e20       0xa0 ./Core/Src/printf.o
 .text._ntoa_format
                0x0000000008003ec0      0x1b8 ./Core/Src/printf.o
 .text._ntoa_long
                0x0000000008004078       0xcc ./Core/Src/printf.o
 .text._ntoa_long_long
                0x0000000008004144       0xda ./Core/Src/printf.o
 *fill*         0x000000000800421e        0x2 
 .text._ftoa    0x0000000008004220      0x4b0 ./Core/Src/printf.o
 .text._etoa    0x00000000080046d0      0x520 ./Core/Src/printf.o
 .text._vsnprintf
                0x0000000008004bf0      0x9c0 ./Core/Src/printf.o
 .text.printf_  0x00000000080055b0       0x38 ./Core/Src/printf.o
                0x00000000080055b0                printf_
 .text.sprintf_
                0x00000000080055e8       0x38 ./Core/Src/printf.o
                0x00000000080055e8                sprintf_
 .text.Ringbuf_init
                0x0000000008005620       0x4c ./Core/Src/ring_buffer.o
                0x0000000008005620                Ringbuf_init
 .text.store_char
                0x000000000800566c       0x44 ./Core/Src/ring_buffer.o
                0x000000000800566c                store_char
 .text.Uart_read
                0x00000000080056b0       0x58 ./Core/Src/ring_buffer.o
                0x00000000080056b0                Uart_read
 .text.IsDataAvailable
                0x0000000008005708       0x34 ./Core/Src/ring_buffer.o
                0x0000000008005708                IsDataAvailable
 .text.Uart_peek
                0x000000000800573c       0x38 ./Core/Src/ring_buffer.o
                0x000000000800573c                Uart_peek
 .text.Get_after
                0x0000000008005774       0x68 ./Core/Src/ring_buffer.o
                0x0000000008005774                Get_after
 .text.Wait_for
                0x00000000080057dc      0x110 ./Core/Src/ring_buffer.o
                0x00000000080057dc                Wait_for
 .text.Uart_isr
                0x00000000080058ec       0xc8 ./Core/Src/ring_buffer.o
                0x00000000080058ec                Uart_isr
 .text.RTC_Init
                0x00000000080059b4       0x6c ./Core/Src/rtc.o
                0x00000000080059b4                RTC_Init
 .text.RTC_Set  0x0000000008005a20      0x154 ./Core/Src/rtc.o
                0x0000000008005a20                RTC_Set
 .text.RTC_Get  0x0000000008005b74      0x1e0 ./Core/Src/rtc.o
                0x0000000008005b74                RTC_Get
 .text.RTC_Get_Week
                0x0000000008005d54       0xcc ./Core/Src/rtc.o
                0x0000000008005d54                RTC_Get_Week
 .text.Is_Leap_Year
                0x0000000008005e20       0x64 ./Core/Src/rtc.o
                0x0000000008005e20                Is_Leap_Year
 .text.RTC_raw  0x0000000008005e84       0x2c ./Core/Src/rtc.o
                0x0000000008005e84                RTC_raw
 .text.get_TimeStamp
                0x0000000008005eb0       0x68 ./Core/Src/rtc.o
                0x0000000008005eb0                get_TimeStamp
 .text.HAL_MspInit
                0x0000000008005f18       0x64 ./Core/Src/stm32f1xx_hal_msp.o
                0x0000000008005f18                HAL_MspInit
 .text.HAL_ADC_MspInit
                0x0000000008005f7c       0x78 ./Core/Src/stm32f1xx_hal_msp.o
                0x0000000008005f7c                HAL_ADC_MspInit
 .text.HAL_RTC_MspInit
                0x0000000008005ff4       0x48 ./Core/Src/stm32f1xx_hal_msp.o
                0x0000000008005ff4                HAL_RTC_MspInit
 .text.HAL_TIM_Base_MspInit
                0x000000000800603c       0xd0 ./Core/Src/stm32f1xx_hal_msp.o
                0x000000000800603c                HAL_TIM_Base_MspInit
 .text.HAL_TIM_MspPostInit
                0x000000000800610c       0x68 ./Core/Src/stm32f1xx_hal_msp.o
                0x000000000800610c                HAL_TIM_MspPostInit
 .text.HAL_UART_MspInit
                0x0000000008006174      0x130 ./Core/Src/stm32f1xx_hal_msp.o
                0x0000000008006174                HAL_UART_MspInit
 .text.HAL_FSMC_MspInit
                0x00000000080062a4       0x88 ./Core/Src/stm32f1xx_hal_msp.o
 .text.HAL_SRAM_MspInit
                0x000000000800632c       0x14 ./Core/Src/stm32f1xx_hal_msp.o
                0x000000000800632c                HAL_SRAM_MspInit
 .text.NMI_Handler
                0x0000000008006340        0xc ./Core/Src/stm32f1xx_it.o
                0x0000000008006340                NMI_Handler
 .text.HardFault_Handler
                0x000000000800634c        0x6 ./Core/Src/stm32f1xx_it.o
                0x000000000800634c                HardFault_Handler
 .text.MemManage_Handler
                0x0000000008006352        0x6 ./Core/Src/stm32f1xx_it.o
                0x0000000008006352                MemManage_Handler
 .text.BusFault_Handler
                0x0000000008006358        0x6 ./Core/Src/stm32f1xx_it.o
                0x0000000008006358                BusFault_Handler
 .text.UsageFault_Handler
                0x000000000800635e        0x6 ./Core/Src/stm32f1xx_it.o
                0x000000000800635e                UsageFault_Handler
 .text.SVC_Handler
                0x0000000008006364        0xc ./Core/Src/stm32f1xx_it.o
                0x0000000008006364                SVC_Handler
 .text.DebugMon_Handler
                0x0000000008006370        0xc ./Core/Src/stm32f1xx_it.o
                0x0000000008006370                DebugMon_Handler
 .text.PendSV_Handler
                0x000000000800637c        0xc ./Core/Src/stm32f1xx_it.o
                0x000000000800637c                PendSV_Handler
 .text.SysTick_Handler
                0x0000000008006388       0x24 ./Core/Src/stm32f1xx_it.o
                0x0000000008006388                SysTick_Handler
 .text.EXTI4_IRQHandler
                0x00000000080063ac       0x34 ./Core/Src/stm32f1xx_it.o
                0x00000000080063ac                EXTI4_IRQHandler
 .text.TIM3_IRQHandler
                0x00000000080063e0       0x48 ./Core/Src/stm32f1xx_it.o
                0x00000000080063e0                TIM3_IRQHandler
 .text.USART1_IRQHandler
                0x0000000008006428       0x44 ./Core/Src/stm32f1xx_it.o
                0x0000000008006428                USART1_IRQHandler
 .text.USART3_IRQHandler
                0x000000000800646c       0x14 ./Core/Src/stm32f1xx_it.o
                0x000000000800646c                USART3_IRQHandler
 .text.EXTI15_10_IRQHandler
                0x0000000008006480       0x34 ./Core/Src/stm32f1xx_it.o
                0x0000000008006480                EXTI15_10_IRQHandler
 .text.TIM5_IRQHandler
                0x00000000080064b4       0x1c ./Core/Src/stm32f1xx_it.o
                0x00000000080064b4                TIM5_IRQHandler
 .text._sbrk    0x00000000080064d0       0x6c ./Core/Src/sysmem.o
                0x00000000080064d0                _sbrk
 .text.SystemInit
                0x000000000800653c       0x68 ./Core/Src/system_stm32f1xx.o
                0x000000000800653c                SystemInit
 .text.TIMER_INIT
                0x00000000080065a4       0x24 ./Core/Src/timer.o
                0x00000000080065a4                TIMER_INIT
 .text.delay_us
                0x00000000080065c8       0x70 ./Core/Src/timer.o
                0x00000000080065c8                delay_us
 .text.timer_min
                0x0000000008006638       0x44 ./Core/Src/timer.o
                0x0000000008006638                timer_min
 .text.XPT2046_DelayUS
                0x000000000800667c       0x38 ./Core/Src/xpt2046.o
 .text.XPT2046_WriteCMD
                0x00000000080066b4       0x88 ./Core/Src/xpt2046.o
 .text.XPT2046_ReadCMD
                0x000000000800673c       0x78 ./Core/Src/xpt2046.o
 .text.XPT2046_ReadAdc
                0x00000000080067b4       0x20 ./Core/Src/xpt2046.o
 .text.XPT2046_ReadAdc_XY
                0x00000000080067d4       0x38 ./Core/Src/xpt2046.o
 .text.XPT2046_ReadAdc_Smooth_XY
                0x000000000800680c      0x22c ./Core/Src/xpt2046.o
 .text.XPT2046_Calculate_CalibrationFactor
                0x0000000008006a38      0x31a ./Core/Src/xpt2046.o
 *fill*         0x0000000008006d52        0x2 
 .text.XPT2046_Touch_Calibrate
                0x0000000008006d54      0x430 ./Core/Src/xpt2046.o
                0x0000000008006d54                XPT2046_Touch_Calibrate
 .text.XPT2046_Get_TouchedPoint
                0x0000000008007184      0x10e ./Core/Src/xpt2046.o
                0x0000000008007184                XPT2046_Get_TouchedPoint
 .text.XPT2046_Reset_TouchPoint
                0x0000000008007292       0x1e ./Core/Src/xpt2046.o
                0x0000000008007292                XPT2046_Reset_TouchPoint
 .text.Reset_Handler
                0x00000000080072b0       0x48 ./Core/Startup/startup_stm32f103vetx.o
                0x00000000080072b0                Reset_Handler
 .text.Default_Handler
                0x00000000080072f8        0x2 ./Core/Startup/startup_stm32f103vetx.o
                0x00000000080072f8                RTC_Alarm_IRQHandler
                0x00000000080072f8                EXTI2_IRQHandler
                0x00000000080072f8                TIM8_TRG_COM_IRQHandler
                0x00000000080072f8                TIM8_CC_IRQHandler
                0x00000000080072f8                TIM1_CC_IRQHandler
                0x00000000080072f8                TIM6_IRQHandler
                0x00000000080072f8                PVD_IRQHandler
                0x00000000080072f8                SDIO_IRQHandler
                0x00000000080072f8                EXTI3_IRQHandler
                0x00000000080072f8                EXTI0_IRQHandler
                0x00000000080072f8                I2C2_EV_IRQHandler
                0x00000000080072f8                ADC1_2_IRQHandler
                0x00000000080072f8                SPI1_IRQHandler
                0x00000000080072f8                TAMPER_IRQHandler
                0x00000000080072f8                TIM8_UP_IRQHandler
                0x00000000080072f8                DMA2_Channel2_IRQHandler
                0x00000000080072f8                DMA1_Channel4_IRQHandler
                0x00000000080072f8                RTC_IRQHandler
                0x00000000080072f8                DMA1_Channel7_IRQHandler
                0x00000000080072f8                CAN1_RX1_IRQHandler
                0x00000000080072f8                UART5_IRQHandler
                0x00000000080072f8                ADC3_IRQHandler
                0x00000000080072f8                TIM4_IRQHandler
                0x00000000080072f8                DMA2_Channel1_IRQHandler
                0x00000000080072f8                I2C1_EV_IRQHandler
                0x00000000080072f8                DMA1_Channel6_IRQHandler
                0x00000000080072f8                UART4_IRQHandler
                0x00000000080072f8                RCC_IRQHandler
                0x00000000080072f8                TIM1_TRG_COM_IRQHandler
                0x00000000080072f8                DMA1_Channel1_IRQHandler
                0x00000000080072f8                Default_Handler
                0x00000000080072f8                TIM7_IRQHandler
                0x00000000080072f8                EXTI9_5_IRQHandler
                0x00000000080072f8                SPI2_IRQHandler
                0x00000000080072f8                DMA1_Channel5_IRQHandler
                0x00000000080072f8                USB_LP_CAN1_RX0_IRQHandler
                0x00000000080072f8                USB_HP_CAN1_TX_IRQHandler
                0x00000000080072f8                DMA1_Channel3_IRQHandler
                0x00000000080072f8                FSMC_IRQHandler
                0x00000000080072f8                TIM1_UP_IRQHandler
                0x00000000080072f8                WWDG_IRQHandler
                0x00000000080072f8                TIM2_IRQHandler
                0x00000000080072f8                TIM1_BRK_IRQHandler
                0x00000000080072f8                EXTI1_IRQHandler
                0x00000000080072f8                DMA2_Channel4_5_IRQHandler
                0x00000000080072f8                USART2_IRQHandler
                0x00000000080072f8                I2C2_ER_IRQHandler
                0x00000000080072f8                DMA1_Channel2_IRQHandler
                0x00000000080072f8                TIM8_BRK_IRQHandler
                0x00000000080072f8                CAN1_SCE_IRQHandler
                0x00000000080072f8                FLASH_IRQHandler
                0x00000000080072f8                SPI3_IRQHandler
                0x00000000080072f8                I2C1_ER_IRQHandler
                0x00000000080072f8                USBWakeUp_IRQHandler
                0x00000000080072f8                DMA2_Channel3_IRQHandler
 *fill*         0x00000000080072fa        0x2 
 .text.HAL_Init
                0x00000000080072fc       0x2c ./Drivers/STM32F1xx_HAL_Driver/Src/stm32f1xx_hal.o
                0x00000000080072fc                HAL_Init
 .text.HAL_InitTick
                0x0000000008007328       0x60 ./Drivers/STM32F1xx_HAL_Driver/Src/stm32f1xx_hal.o
                0x0000000008007328                HAL_InitTick
 .text.HAL_IncTick
                0x0000000008007388       0x24 ./Drivers/STM32F1xx_HAL_Driver/Src/stm32f1xx_hal.o
                0x0000000008007388                HAL_IncTick
 .text.HAL_GetTick
                0x00000000080073ac       0x14 ./Drivers/STM32F1xx_HAL_Driver/Src/stm32f1xx_hal.o
                0x00000000080073ac                HAL_GetTick
 .text.HAL_Delay
                0x00000000080073c0       0x48 ./Drivers/STM32F1xx_HAL_Driver/Src/stm32f1xx_hal.o
                0x00000000080073c0                HAL_Delay
 .text.HAL_ADC_Init
                0x0000000008007408      0x1d4 ./Drivers/STM32F1xx_HAL_Driver/Src/stm32f1xx_hal_adc.o
                0x0000000008007408                HAL_ADC_Init
 .text.HAL_ADC_Start
                0x00000000080075dc      0x15c ./Drivers/STM32F1xx_HAL_Driver/Src/stm32f1xx_hal_adc.o
                0x00000000080075dc                HAL_ADC_Start
 .text.HAL_ADC_PollForConversion
                0x0000000008007738      0x1f4 ./Drivers/STM32F1xx_HAL_Driver/Src/stm32f1xx_hal_adc.o
                0x0000000008007738                HAL_ADC_PollForConversion
 .text.HAL_ADC_GetValue
                0x000000000800792c       0x18 ./Drivers/STM32F1xx_HAL_Driver/Src/stm32f1xx_hal_adc.o
                0x000000000800792c                HAL_ADC_GetValue
 .text.HAL_ADC_ConfigChannel
                0x0000000008007944      0x1f0 ./Drivers/STM32F1xx_HAL_Driver/Src/stm32f1xx_hal_adc.o
                0x0000000008007944                HAL_ADC_ConfigChannel
 .text.ADC_Enable
                0x0000000008007b34       0xa4 ./Drivers/STM32F1xx_HAL_Driver/Src/stm32f1xx_hal_adc.o
                0x0000000008007b34                ADC_Enable
 .text.ADC_ConversionStop_Disable
                0x0000000008007bd8       0x74 ./Drivers/STM32F1xx_HAL_Driver/Src/stm32f1xx_hal_adc.o
                0x0000000008007bd8                ADC_ConversionStop_Disable
 .text.HAL_ADCEx_Calibration_Start
                0x0000000008007c4c      0x138 ./Drivers/STM32F1xx_HAL_Driver/Src/stm32f1xx_hal_adc_ex.o
                0x0000000008007c4c                HAL_ADCEx_Calibration_Start
 .text.NVIC_SetPriorityGrouping
                0x0000000008007d84       0x48 ./Drivers/STM32F1xx_HAL_Driver/Src/stm32f1xx_hal_cortex.o
 .text.NVIC_GetPriorityGrouping
                0x0000000008007dcc       0x1c ./Drivers/STM32F1xx_HAL_Driver/Src/stm32f1xx_hal_cortex.o
 .text.NVIC_EnableIRQ
                0x0000000008007de8       0x30 ./Drivers/STM32F1xx_HAL_Driver/Src/stm32f1xx_hal_cortex.o
 .text.NVIC_SetPriority
                0x0000000008007e18       0x54 ./Drivers/STM32F1xx_HAL_Driver/Src/stm32f1xx_hal_cortex.o
 .text.NVIC_EncodePriority
                0x0000000008007e6c       0x64 ./Drivers/STM32F1xx_HAL_Driver/Src/stm32f1xx_hal_cortex.o
 .text.SysTick_Config
                0x0000000008007ed0       0x44 ./Drivers/STM32F1xx_HAL_Driver/Src/stm32f1xx_hal_cortex.o
 .text.HAL_NVIC_SetPriorityGrouping
                0x0000000008007f14       0x16 ./Drivers/STM32F1xx_HAL_Driver/Src/stm32f1xx_hal_cortex.o
                0x0000000008007f14                HAL_NVIC_SetPriorityGrouping
 .text.HAL_NVIC_SetPriority
                0x0000000008007f2a       0x38 ./Drivers/STM32F1xx_HAL_Driver/Src/stm32f1xx_hal_cortex.o
                0x0000000008007f2a                HAL_NVIC_SetPriority
 .text.HAL_NVIC_EnableIRQ
                0x0000000008007f62       0x1c ./Drivers/STM32F1xx_HAL_Driver/Src/stm32f1xx_hal_cortex.o
                0x0000000008007f62                HAL_NVIC_EnableIRQ
 .text.HAL_SYSTICK_Config
                0x0000000008007f7e       0x18 ./Drivers/STM32F1xx_HAL_Driver/Src/stm32f1xx_hal_cortex.o
                0x0000000008007f7e                HAL_SYSTICK_Config
 *fill*         0x0000000008007f96        0x2 
 .text.HAL_DMA_Abort_IT
                0x0000000008007f98      0x210 ./Drivers/STM32F1xx_HAL_Driver/Src/stm32f1xx_hal_dma.o
                0x0000000008007f98                HAL_DMA_Abort_IT
 .text.HAL_GPIO_Init
                0x00000000080081a8      0x330 ./Drivers/STM32F1xx_HAL_Driver/Src/stm32f1xx_hal_gpio.o
                0x00000000080081a8                HAL_GPIO_Init
 .text.HAL_GPIO_ReadPin
                0x00000000080084d8       0x2e ./Drivers/STM32F1xx_HAL_Driver/Src/stm32f1xx_hal_gpio.o
                0x00000000080084d8                HAL_GPIO_ReadPin
 .text.HAL_GPIO_WritePin
                0x0000000008008506       0x30 ./Drivers/STM32F1xx_HAL_Driver/Src/stm32f1xx_hal_gpio.o
                0x0000000008008506                HAL_GPIO_WritePin
 *fill*         0x0000000008008536        0x2 
 .text.HAL_GPIO_EXTI_IRQHandler
                0x0000000008008538       0x30 ./Drivers/STM32F1xx_HAL_Driver/Src/stm32f1xx_hal_gpio.o
                0x0000000008008538                HAL_GPIO_EXTI_IRQHandler
 .text.HAL_GPIO_EXTI_Callback
                0x0000000008008568       0x14 ./Drivers/STM32F1xx_HAL_Driver/Src/stm32f1xx_hal_gpio.o
                0x0000000008008568                HAL_GPIO_EXTI_Callback
 .text.HAL_PWR_EnableBkUpAccess
                0x000000000800857c       0x18 ./Drivers/STM32F1xx_HAL_Driver/Src/stm32f1xx_hal_pwr.o
                0x000000000800857c                HAL_PWR_EnableBkUpAccess
 .text.HAL_RCC_OscConfig
                0x0000000008008594      0x4c8 ./Drivers/STM32F1xx_HAL_Driver/Src/stm32f1xx_hal_rcc.o
                0x0000000008008594                HAL_RCC_OscConfig
 .text.HAL_RCC_ClockConfig
                0x0000000008008a5c      0x218 ./Drivers/STM32F1xx_HAL_Driver/Src/stm32f1xx_hal_rcc.o
                0x0000000008008a5c                HAL_RCC_ClockConfig
 .text.HAL_RCC_GetSysClockFreq
                0x0000000008008c74       0xbc ./Drivers/STM32F1xx_HAL_Driver/Src/stm32f1xx_hal_rcc.o
                0x0000000008008c74                HAL_RCC_GetSysClockFreq
 .text.HAL_RCC_GetHCLKFreq
                0x0000000008008d30       0x14 ./Drivers/STM32F1xx_HAL_Driver/Src/stm32f1xx_hal_rcc.o
                0x0000000008008d30                HAL_RCC_GetHCLKFreq
 .text.HAL_RCC_GetPCLK1Freq
                0x0000000008008d44       0x28 ./Drivers/STM32F1xx_HAL_Driver/Src/stm32f1xx_hal_rcc.o
                0x0000000008008d44                HAL_RCC_GetPCLK1Freq
 .text.HAL_RCC_GetPCLK2Freq
                0x0000000008008d6c       0x28 ./Drivers/STM32F1xx_HAL_Driver/Src/stm32f1xx_hal_rcc.o
                0x0000000008008d6c                HAL_RCC_GetPCLK2Freq
 .text.RCC_Delay
                0x0000000008008d94       0x40 ./Drivers/STM32F1xx_HAL_Driver/Src/stm32f1xx_hal_rcc.o
 .text.HAL_RCCEx_PeriphCLKConfig
                0x0000000008008dd4      0x16c ./Drivers/STM32F1xx_HAL_Driver/Src/stm32f1xx_hal_rcc_ex.o
                0x0000000008008dd4                HAL_RCCEx_PeriphCLKConfig
 .text.HAL_RCCEx_GetPeriphCLKFreq
                0x0000000008008f40      0x1cc ./Drivers/STM32F1xx_HAL_Driver/Src/stm32f1xx_hal_rcc_ex.o
                0x0000000008008f40                HAL_RCCEx_GetPeriphCLKFreq
 .text.HAL_RTC_Init
                0x000000000800910c      0x12c ./Drivers/STM32F1xx_HAL_Driver/Src/stm32f1xx_hal_rtc.o
                0x000000000800910c                HAL_RTC_Init
 .text.HAL_RTC_WaitForSynchro
                0x0000000008009238       0x5a ./Drivers/STM32F1xx_HAL_Driver/Src/stm32f1xx_hal_rtc.o
                0x0000000008009238                HAL_RTC_WaitForSynchro
 .text.RTC_EnterInitMode
                0x0000000008009292       0x50 ./Drivers/STM32F1xx_HAL_Driver/Src/stm32f1xx_hal_rtc.o
 .text.RTC_ExitInitMode
                0x00000000080092e2       0x50 ./Drivers/STM32F1xx_HAL_Driver/Src/stm32f1xx_hal_rtc.o
 *fill*         0x0000000008009332        0x2 
 .text.HAL_RTCEx_BKUPWrite
                0x0000000008009334       0x34 ./Drivers/STM32F1xx_HAL_Driver/Src/stm32f1xx_hal_rtc_ex.o
                0x0000000008009334                HAL_RTCEx_BKUPWrite
 .text.HAL_RTCEx_BKUPRead
                0x0000000008009368       0x38 ./Drivers/STM32F1xx_HAL_Driver/Src/stm32f1xx_hal_rtc_ex.o
                0x0000000008009368                HAL_RTCEx_BKUPRead
 .text.HAL_SRAM_Init
                0x00000000080093a0       0x88 ./Drivers/STM32F1xx_HAL_Driver/Src/stm32f1xx_hal_sram.o
                0x00000000080093a0                HAL_SRAM_Init
 .text.HAL_TIM_Base_Init
                0x0000000008009428       0x56 ./Drivers/STM32F1xx_HAL_Driver/Src/stm32f1xx_hal_tim.o
                0x0000000008009428                HAL_TIM_Base_Init
 .text.HAL_TIM_Base_Start
                0x000000000800947e       0x34 ./Drivers/STM32F1xx_HAL_Driver/Src/stm32f1xx_hal_tim.o
                0x000000000800947e                HAL_TIM_Base_Start
 .text.HAL_TIM_Base_Stop
                0x00000000080094b2       0x54 ./Drivers/STM32F1xx_HAL_Driver/Src/stm32f1xx_hal_tim.o
                0x00000000080094b2                HAL_TIM_Base_Stop
 .text.HAL_TIM_Base_Start_IT
                0x0000000008009506       0x34 ./Drivers/STM32F1xx_HAL_Driver/Src/stm32f1xx_hal_tim.o
                0x0000000008009506                HAL_TIM_Base_Start_IT
 .text.HAL_TIM_Base_Stop_IT
                0x000000000800953a       0x54 ./Drivers/STM32F1xx_HAL_Driver/Src/stm32f1xx_hal_tim.o
                0x000000000800953a                HAL_TIM_Base_Stop_IT
 .text.HAL_TIM_PWM_Init
                0x000000000800958e       0x56 ./Drivers/STM32F1xx_HAL_Driver/Src/stm32f1xx_hal_tim.o
                0x000000000800958e                HAL_TIM_PWM_Init
 .text.HAL_TIM_PWM_MspInit
                0x00000000080095e4       0x12 ./Drivers/STM32F1xx_HAL_Driver/Src/stm32f1xx_hal_tim.o
                0x00000000080095e4                HAL_TIM_PWM_MspInit
 *fill*         0x00000000080095f6        0x2 
 .text.HAL_TIM_PWM_Start
                0x00000000080095f8       0x68 ./Drivers/STM32F1xx_HAL_Driver/Src/stm32f1xx_hal_tim.o
                0x00000000080095f8                HAL_TIM_PWM_Start
 .text.HAL_TIM_PWM_Stop
                0x0000000008009660       0xb0 ./Drivers/STM32F1xx_HAL_Driver/Src/stm32f1xx_hal_tim.o
                0x0000000008009660                HAL_TIM_PWM_Stop
 .text.HAL_TIM_IRQHandler
                0x0000000008009710      0x210 ./Drivers/STM32F1xx_HAL_Driver/Src/stm32f1xx_hal_tim.o
                0x0000000008009710                HAL_TIM_IRQHandler
 .text.HAL_TIM_PWM_ConfigChannel
                0x0000000008009920      0x18c ./Drivers/STM32F1xx_HAL_Driver/Src/stm32f1xx_hal_tim.o
                0x0000000008009920                HAL_TIM_PWM_ConfigChannel
 .text.HAL_TIM_ConfigClockSource
                0x0000000008009aac      0x1d6 ./Drivers/STM32F1xx_HAL_Driver/Src/stm32f1xx_hal_tim.o
                0x0000000008009aac                HAL_TIM_ConfigClockSource
 .text.HAL_TIM_PeriodElapsedCallback
                0x0000000008009c82       0x12 ./Drivers/STM32F1xx_HAL_Driver/Src/stm32f1xx_hal_tim.o
                0x0000000008009c82                HAL_TIM_PeriodElapsedCallback
 .text.HAL_TIM_OC_DelayElapsedCallback
                0x0000000008009c94       0x12 ./Drivers/STM32F1xx_HAL_Driver/Src/stm32f1xx_hal_tim.o
                0x0000000008009c94                HAL_TIM_OC_DelayElapsedCallback
 .text.HAL_TIM_IC_CaptureCallback
                0x0000000008009ca6       0x12 ./Drivers/STM32F1xx_HAL_Driver/Src/stm32f1xx_hal_tim.o
                0x0000000008009ca6                HAL_TIM_IC_CaptureCallback
 .text.HAL_TIM_PWM_PulseFinishedCallback
                0x0000000008009cb8       0x12 ./Drivers/STM32F1xx_HAL_Driver/Src/stm32f1xx_hal_tim.o
                0x0000000008009cb8                HAL_TIM_PWM_PulseFinishedCallback
 .text.HAL_TIM_TriggerCallback
                0x0000000008009cca       0x12 ./Drivers/STM32F1xx_HAL_Driver/Src/stm32f1xx_hal_tim.o
                0x0000000008009cca                HAL_TIM_TriggerCallback
 .text.TIM_Base_SetConfig
                0x0000000008009cdc       0xfc ./Drivers/STM32F1xx_HAL_Driver/Src/stm32f1xx_hal_tim.o
                0x0000000008009cdc                TIM_Base_SetConfig
 .text.TIM_OC1_SetConfig
                0x0000000008009dd8       0xec ./Drivers/STM32F1xx_HAL_Driver/Src/stm32f1xx_hal_tim.o
 .text.TIM_OC2_SetConfig
                0x0000000008009ec4       0xf4 ./Drivers/STM32F1xx_HAL_Driver/Src/stm32f1xx_hal_tim.o
                0x0000000008009ec4                TIM_OC2_SetConfig
 .text.TIM_OC3_SetConfig
                0x0000000008009fb8       0xf4 ./Drivers/STM32F1xx_HAL_Driver/Src/stm32f1xx_hal_tim.o
 .text.TIM_OC4_SetConfig
                0x000000000800a0ac       0xb4 ./Drivers/STM32F1xx_HAL_Driver/Src/stm32f1xx_hal_tim.o
 .text.TIM_TI1_ConfigInputStage
                0x000000000800a160       0x64 ./Drivers/STM32F1xx_HAL_Driver/Src/stm32f1xx_hal_tim.o
 .text.TIM_TI2_ConfigInputStage
                0x000000000800a1c4       0x66 ./Drivers/STM32F1xx_HAL_Driver/Src/stm32f1xx_hal_tim.o
 .text.TIM_ITRx_SetConfig
                0x000000000800a22a       0x3e ./Drivers/STM32F1xx_HAL_Driver/Src/stm32f1xx_hal_tim.o
 .text.TIM_ETR_SetConfig
                0x000000000800a268       0x42 ./Drivers/STM32F1xx_HAL_Driver/Src/stm32f1xx_hal_tim.o
 .text.TIM_CCxChannelCmd
                0x000000000800a2aa       0x44 ./Drivers/STM32F1xx_HAL_Driver/Src/stm32f1xx_hal_tim.o
                0x000000000800a2aa                TIM_CCxChannelCmd
 .text.HAL_TIMEx_ConfigBreakDeadTime
                0x000000000800a2ee       0xb0 ./Drivers/STM32F1xx_HAL_Driver/Src/stm32f1xx_hal_tim_ex.o
                0x000000000800a2ee                HAL_TIMEx_ConfigBreakDeadTime
 .text.HAL_TIMEx_MasterConfigSynchronization
                0x000000000800a39e       0x88 ./Drivers/STM32F1xx_HAL_Driver/Src/stm32f1xx_hal_tim_ex.o
                0x000000000800a39e                HAL_TIMEx_MasterConfigSynchronization
 .text.HAL_TIMEx_CommutationCallback
                0x000000000800a426       0x12 ./Drivers/STM32F1xx_HAL_Driver/Src/stm32f1xx_hal_tim_ex.o
                0x000000000800a426                HAL_TIMEx_CommutationCallback
 .text.HAL_TIMEx_BreakCallback
                0x000000000800a438       0x12 ./Drivers/STM32F1xx_HAL_Driver/Src/stm32f1xx_hal_tim_ex.o
                0x000000000800a438                HAL_TIMEx_BreakCallback
 .text.HAL_UART_Init
                0x000000000800a44a       0x9a ./Drivers/STM32F1xx_HAL_Driver/Src/stm32f1xx_hal_uart.o
                0x000000000800a44a                HAL_UART_Init
 .text.HAL_UART_Transmit
                0x000000000800a4e4      0x132 ./Drivers/STM32F1xx_HAL_Driver/Src/stm32f1xx_hal_uart.o
                0x000000000800a4e4                HAL_UART_Transmit
 *fill*         0x000000000800a616        0x2 
 .text.HAL_UART_IRQHandler
                0x000000000800a618      0x1f4 ./Drivers/STM32F1xx_HAL_Driver/Src/stm32f1xx_hal_uart.o
                0x000000000800a618                HAL_UART_IRQHandler
 .text.HAL_UART_TxCpltCallback
                0x000000000800a80c       0x12 ./Drivers/STM32F1xx_HAL_Driver/Src/stm32f1xx_hal_uart.o
                0x000000000800a80c                HAL_UART_TxCpltCallback
 .text.HAL_UART_RxCpltCallback
                0x000000000800a81e       0x12 ./Drivers/STM32F1xx_HAL_Driver/Src/stm32f1xx_hal_uart.o
                0x000000000800a81e                HAL_UART_RxCpltCallback
 .text.HAL_UART_ErrorCallback
                0x000000000800a830       0x12 ./Drivers/STM32F1xx_HAL_Driver/Src/stm32f1xx_hal_uart.o
                0x000000000800a830                HAL_UART_ErrorCallback
 .text.UART_WaitOnFlagUntilTimeout
                0x000000000800a842       0x94 ./Drivers/STM32F1xx_HAL_Driver/Src/stm32f1xx_hal_uart.o
 .text.UART_EndRxTransfer
                0x000000000800a8d6       0x3a ./Drivers/STM32F1xx_HAL_Driver/Src/stm32f1xx_hal_uart.o
 .text.UART_DMAAbortOnError
                0x000000000800a910       0x28 ./Drivers/STM32F1xx_HAL_Driver/Src/stm32f1xx_hal_uart.o
 .text.UART_Transmit_IT
                0x000000000800a938       0xaa ./Drivers/STM32F1xx_HAL_Driver/Src/stm32f1xx_hal_uart.o
 .text.UART_EndTransmit_IT
                0x000000000800a9e2       0x30 ./Drivers/STM32F1xx_HAL_Driver/Src/stm32f1xx_hal_uart.o
 .text.UART_Receive_IT
                0x000000000800aa12      0x102 ./Drivers/STM32F1xx_HAL_Driver/Src/stm32f1xx_hal_uart.o
 .text.UART_SetConfig
                0x000000000800ab14      0x230 ./Drivers/STM32F1xx_HAL_Driver/Src/stm32f1xx_hal_uart.o
 .text.FSMC_NORSRAM_Init
                0x000000000800ad44      0x100 ./Drivers/STM32F1xx_HAL_Driver/Src/stm32f1xx_ll_fsmc.o
                0x000000000800ad44                FSMC_NORSRAM_Init
 .text.FSMC_NORSRAM_Timing_Init
                0x000000000800ae44       0x68 ./Drivers/STM32F1xx_HAL_Driver/Src/stm32f1xx_ll_fsmc.o
                0x000000000800ae44                FSMC_NORSRAM_Timing_Init
 .text.FSMC_NORSRAM_Extended_Timing_Init
                0x000000000800aeac       0x70 ./Drivers/STM32F1xx_HAL_Driver/Src/stm32f1xx_ll_fsmc.o
                0x000000000800aeac                FSMC_NORSRAM_Extended_Timing_Init
 .text.__errno  0x000000000800af1c        0xc c:/st/stm32cubeide_1.9.0/stm32cubeide/plugins/com.st.stm32cube.ide.mcu.externaltools.gnu-tools-for-stm32.10.3-2021.10.win32_1.0.0.202111181127/tools/bin/../lib/gcc/arm-none-eabi/10.3.1/../../../../arm-none-eabi/lib/thumb/v7-m/nofp\libc_nano.a(lib_a-errno.o)
                0x000000000800af1c                __errno
 .text.__libc_init_array
                0x000000000800af28       0x48 c:/st/stm32cubeide_1.9.0/stm32cubeide/plugins/com.st.stm32cube.ide.mcu.externaltools.gnu-tools-for-stm32.10.3-2021.10.win32_1.0.0.202111181127/tools/bin/../lib/gcc/arm-none-eabi/10.3.1/../../../../arm-none-eabi/lib/thumb/v7-m/nofp\libc_nano.a(lib_a-init.o)
                0x000000000800af28                __libc_init_array
 .text.memset   0x000000000800af70       0x10 c:/st/stm32cubeide_1.9.0/stm32cubeide/plugins/com.st.stm32cube.ide.mcu.externaltools.gnu-tools-for-stm32.10.3-2021.10.win32_1.0.0.202111181127/tools/bin/../lib/gcc/arm-none-eabi/10.3.1/../../../../arm-none-eabi/lib/thumb/v7-m/nofp\libc_nano.a(lib_a-memset.o)
                0x000000000800af70                memset
 .text.sscanf   0x000000000800af80       0x54 c:/st/stm32cubeide_1.9.0/stm32cubeide/plugins/com.st.stm32cube.ide.mcu.externaltools.gnu-tools-for-stm32.10.3-2021.10.win32_1.0.0.202111181127/tools/bin/../lib/gcc/arm-none-eabi/10.3.1/../../../../arm-none-eabi/lib/thumb/v7-m/nofp\libc_nano.a(lib_a-sscanf.o)
                0x000000000800af80                siscanf
                0x000000000800af80                sscanf
 .text.__seofread
                0x000000000800afd4        0x4 c:/st/stm32cubeide_1.9.0/stm32cubeide/plugins/com.st.stm32cube.ide.mcu.externaltools.gnu-tools-for-stm32.10.3-2021.10.win32_1.0.0.202111181127/tools/bin/../lib/gcc/arm-none-eabi/10.3.1/../../../../arm-none-eabi/lib/thumb/v7-m/nofp\libc_nano.a(lib_a-stdio.o)
                0x000000000800afd4                __seofread
 .text._sungetc_r
                0x000000000800afd8       0x7a c:/st/stm32cubeide_1.9.0/stm32cubeide/plugins/com.st.stm32cube.ide.mcu.externaltools.gnu-tools-for-stm32.10.3-2021.10.win32_1.0.0.202111181127/tools/bin/../lib/gcc/arm-none-eabi/10.3.1/../../../../arm-none-eabi/lib/thumb/v7-m/nofp\libc_nano.a(lib_a-nano-svfscanf.o)
                0x000000000800afd8                _sungetc_r
 .text.__ssrefill_r
                0x000000000800b052       0x3a c:/st/stm32cubeide_1.9.0/stm32cubeide/plugins/com.st.stm32cube.ide.mcu.externaltools.gnu-tools-for-stm32.10.3-2021.10.win32_1.0.0.202111181127/tools/bin/../lib/gcc/arm-none-eabi/10.3.1/../../../../arm-none-eabi/lib/thumb/v7-m/nofp\libc_nano.a(lib_a-nano-svfscanf.o)
                0x000000000800b052                __ssrefill_r
 .text.__ssvfscanf_r
                0x000000000800b08c      0x2f4 c:/st/stm32cubeide_1.9.0/stm32cubeide/plugins/com.st.stm32cube.ide.mcu.externaltools.gnu-tools-for-stm32.10.3-2021.10.win32_1.0.0.202111181127/tools/bin/../lib/gcc/arm-none-eabi/10.3.1/../../../../arm-none-eabi/lib/thumb/v7-m/nofp\libc_nano.a(lib_a-nano-svfscanf.o)
                0x000000000800b08c                __ssvfiscanf_r
                0x000000000800b08c                __ssvfscanf_r
 .text._scanf_chars
                0x000000000800b380       0xb4 c:/st/stm32cubeide_1.9.0/stm32cubeide/plugins/com.st.stm32cube.ide.mcu.externaltools.gnu-tools-for-stm32.10.3-2021.10.win32_1.0.0.202111181127/tools/bin/../lib/gcc/arm-none-eabi/10.3.1/../../../../arm-none-eabi/lib/thumb/v7-m/nofp\libc_nano.a(lib_a-nano-vfscanf_i.o)
                0x000000000800b380                _scanf_chars
 .text._scanf_i
                0x000000000800b434      0x1f0 c:/st/stm32cubeide_1.9.0/stm32cubeide/plugins/com.st.stm32cube.ide.mcu.externaltools.gnu-tools-for-stm32.10.3-2021.10.win32_1.0.0.202111181127/tools/bin/../lib/gcc/arm-none-eabi/10.3.1/../../../../arm-none-eabi/lib/thumb/v7-m/nofp\libc_nano.a(lib_a-nano-vfscanf_i.o)
                0x000000000800b434                _scanf_i
 .text.__sccl   0x000000000800b624       0x70 c:/st/stm32cubeide_1.9.0/stm32cubeide/plugins/com.st.stm32cube.ide.mcu.externaltools.gnu-tools-for-stm32.10.3-2021.10.win32_1.0.0.202111181127/tools/bin/../lib/gcc/arm-none-eabi/10.3.1/../../../../arm-none-eabi/lib/thumb/v7-m/nofp\libc_nano.a(lib_a-sccl.o)
                0x000000000800b624                __sccl
 .text._strtol_l.constprop.0
                0x000000000800b694       0xf8 c:/st/stm32cubeide_1.9.0/stm32cubeide/plugins/com.st.stm32cube.ide.mcu.externaltools.gnu-tools-for-stm32.10.3-2021.10.win32_1.0.0.202111181127/tools/bin/../lib/gcc/arm-none-eabi/10.3.1/../../../../arm-none-eabi/lib/thumb/v7-m/nofp\libc_nano.a(lib_a-strtol.o)
 .text._strtol_r
                0x000000000800b78c        0x4 c:/st/stm32cubeide_1.9.0/stm32cubeide/plugins/com.st.stm32cube.ide.mcu.externaltools.gnu-tools-for-stm32.10.3-2021.10.win32_1.0.0.202111181127/tools/bin/../lib/gcc/arm-none-eabi/10.3.1/../../../../arm-none-eabi/lib/thumb/v7-m/nofp\libc_nano.a(lib_a-strtol.o)
                0x000000000800b78c                _strtol_r
 .text._strtoul_l.constprop.0
                0x000000000800b790       0xe4 c:/st/stm32cubeide_1.9.0/stm32cubeide/plugins/com.st.stm32cube.ide.mcu.externaltools.gnu-tools-for-stm32.10.3-2021.10.win32_1.0.0.202111181127/tools/bin/../lib/gcc/arm-none-eabi/10.3.1/../../../../arm-none-eabi/lib/thumb/v7-m/nofp\libc_nano.a(lib_a-strtoul.o)
 .text._strtoul_r
                0x000000000800b874        0x4 c:/st/stm32cubeide_1.9.0/stm32cubeide/plugins/com.st.stm32cube.ide.mcu.externaltools.gnu-tools-for-stm32.10.3-2021.10.win32_1.0.0.202111181127/tools/bin/../lib/gcc/arm-none-eabi/10.3.1/../../../../arm-none-eabi/lib/thumb/v7-m/nofp\libc_nano.a(lib_a-strtoul.o)
                0x000000000800b874                _strtoul_r
 .text.__submore
                0x000000000800b878       0x70 c:/st/stm32cubeide_1.9.0/stm32cubeide/plugins/com.st.stm32cube.ide.mcu.externaltools.gnu-tools-for-stm32.10.3-2021.10.win32_1.0.0.202111181127/tools/bin/../lib/gcc/arm-none-eabi/10.3.1/../../../../arm-none-eabi/lib/thumb/v7-m/nofp\libc_nano.a(lib_a-ungetc.o)
                0x000000000800b878                __submore
 .text.__retarget_lock_acquire_recursive
                0x000000000800b8e8        0x2 c:/st/stm32cubeide_1.9.0/stm32cubeide/plugins/com.st.stm32cube.ide.mcu.externaltools.gnu-tools-for-stm32.10.3-2021.10.win32_1.0.0.202111181127/tools/bin/../lib/gcc/arm-none-eabi/10.3.1/../../../../arm-none-eabi/lib/thumb/v7-m/nofp\libc_nano.a(lib_a-lock.o)
                0x000000000800b8e8                __retarget_lock_acquire_recursive
 .text.__retarget_lock_release_recursive
                0x000000000800b8ea        0x2 c:/st/stm32cubeide_1.9.0/stm32cubeide/plugins/com.st.stm32cube.ide.mcu.externaltools.gnu-tools-for-stm32.10.3-2021.10.win32_1.0.0.202111181127/tools/bin/../lib/gcc/arm-none-eabi/10.3.1/../../../../arm-none-eabi/lib/thumb/v7-m/nofp\libc_nano.a(lib_a-lock.o)
                0x000000000800b8ea                __retarget_lock_release_recursive
 .text.memchr   0x000000000800b8ec       0x1c c:/st/stm32cubeide_1.9.0/stm32cubeide/plugins/com.st.stm32cube.ide.mcu.externaltools.gnu-tools-for-stm32.10.3-2021.10.win32_1.0.0.202111181127/tools/bin/../lib/gcc/arm-none-eabi/10.3.1/../../../../arm-none-eabi/lib/thumb/v7-m/nofp\libc_nano.a(lib_a-memchr-stub.o)
                0x000000000800b8ec                memchr
 .text.memcpy   0x000000000800b908       0x1c c:/st/stm32cubeide_1.9.0/stm32cubeide/plugins/com.st.stm32cube.ide.mcu.externaltools.gnu-tools-for-stm32.10.3-2021.10.win32_1.0.0.202111181127/tools/bin/../lib/gcc/arm-none-eabi/10.3.1/../../../../arm-none-eabi/lib/thumb/v7-m/nofp\libc_nano.a(lib_a-memcpy-stub.o)
                0x000000000800b908                memcpy
 .text._free_r  0x000000000800b924       0x90 c:/st/stm32cubeide_1.9.0/stm32cubeide/plugins/com.st.stm32cube.ide.mcu.externaltools.gnu-tools-for-stm32.10.3-2021.10.win32_1.0.0.202111181127/tools/bin/../lib/gcc/arm-none-eabi/10.3.1/../../../../arm-none-eabi/lib/thumb/v7-m/nofp\libc_nano.a(lib_a-nano-freer.o)
                0x000000000800b924                _free_r
 .text.sbrk_aligned
                0x000000000800b9b4       0x40 c:/st/stm32cubeide_1.9.0/stm32cubeide/plugins/com.st.stm32cube.ide.mcu.externaltools.gnu-tools-for-stm32.10.3-2021.10.win32_1.0.0.202111181127/tools/bin/../lib/gcc/arm-none-eabi/10.3.1/../../../../arm-none-eabi/lib/thumb/v7-m/nofp\libc_nano.a(lib_a-nano-mallocr.o)
 .text._malloc_r
                0x000000000800b9f4       0xe8 c:/st/stm32cubeide_1.9.0/stm32cubeide/plugins/com.st.stm32cube.ide.mcu.externaltools.gnu-tools-for-stm32.10.3-2021.10.win32_1.0.0.202111181127/tools/bin/../lib/gcc/arm-none-eabi/10.3.1/../../../../arm-none-eabi/lib/thumb/v7-m/nofp\libc_nano.a(lib_a-nano-mallocr.o)
                0x000000000800b9f4                _malloc_r
 .text._realloc_r
                0x000000000800badc       0x5e c:/st/stm32cubeide_1.9.0/stm32cubeide/plugins/com.st.stm32cube.ide.mcu.externaltools.gnu-tools-for-stm32.10.3-2021.10.win32_1.0.0.202111181127/tools/bin/../lib/gcc/arm-none-eabi/10.3.1/../../../../arm-none-eabi/lib/thumb/v7-m/nofp\libc_nano.a(lib_a-nano-reallocr.o)
                0x000000000800badc                _realloc_r
 *fill*         0x000000000800bb3a        0x2 
 .text._sbrk_r  0x000000000800bb3c       0x20 c:/st/stm32cubeide_1.9.0/stm32cubeide/plugins/com.st.stm32cube.ide.mcu.externaltools.gnu-tools-for-stm32.10.3-2021.10.win32_1.0.0.202111181127/tools/bin/../lib/gcc/arm-none-eabi/10.3.1/../../../../arm-none-eabi/lib/thumb/v7-m/nofp\libc_nano.a(lib_a-sbrkr.o)
                0x000000000800bb3c                _sbrk_r
 .text.__malloc_lock
                0x000000000800bb5c        0xc c:/st/stm32cubeide_1.9.0/stm32cubeide/plugins/com.st.stm32cube.ide.mcu.externaltools.gnu-tools-for-stm32.10.3-2021.10.win32_1.0.0.202111181127/tools/bin/../lib/gcc/arm-none-eabi/10.3.1/../../../../arm-none-eabi/lib/thumb/v7-m/nofp\libc_nano.a(lib_a-mlock.o)
                0x000000000800bb5c                __malloc_lock
 .text.__malloc_unlock
                0x000000000800bb68        0xc c:/st/stm32cubeide_1.9.0/stm32cubeide/plugins/com.st.stm32cube.ide.mcu.externaltools.gnu-tools-for-stm32.10.3-2021.10.win32_1.0.0.202111181127/tools/bin/../lib/gcc/arm-none-eabi/10.3.1/../../../../arm-none-eabi/lib/thumb/v7-m/nofp\libc_nano.a(lib_a-mlock.o)
                0x000000000800bb68                __malloc_unlock
 .text._malloc_usable_size_r
                0x000000000800bb74       0x10 c:/st/stm32cubeide_1.9.0/stm32cubeide/plugins/com.st.stm32cube.ide.mcu.externaltools.gnu-tools-for-stm32.10.3-2021.10.win32_1.0.0.202111181127/tools/bin/../lib/gcc/arm-none-eabi/10.3.1/../../../../arm-none-eabi/lib/thumb/v7-m/nofp\libc_nano.a(lib_a-nano-msizer.o)
                0x000000000800bb74                _malloc_usable_size_r
 .text.cos      0x000000000800bb84       0x8c c:/st/stm32cubeide_1.9.0/stm32cubeide/plugins/com.st.stm32cube.ide.mcu.externaltools.gnu-tools-for-stm32.10.3-2021.10.win32_1.0.0.202111181127/tools/bin/../lib/gcc/arm-none-eabi/10.3.1/../../../../arm-none-eabi/lib/thumb/v7-m/nofp\libm.a(lib_a-s_cos.o)
                0x000000000800bb84                cos
 .text.sin      0x000000000800bc10       0x8c c:/st/stm32cubeide_1.9.0/stm32cubeide/plugins/com.st.stm32cube.ide.mcu.externaltools.gnu-tools-for-stm32.10.3-2021.10.win32_1.0.0.202111181127/tools/bin/../lib/gcc/arm-none-eabi/10.3.1/../../../../arm-none-eabi/lib/thumb/v7-m/nofp\libm.a(lib_a-s_sin.o)
                0x000000000800bc10                sin
 *fill*         0x000000000800bc9c        0x4 
 .text.__ieee754_rem_pio2
                0x000000000800bca0      0x3f0 c:/st/stm32cubeide_1.9.0/stm32cubeide/plugins/com.st.stm32cube.ide.mcu.externaltools.gnu-tools-for-stm32.10.3-2021.10.win32_1.0.0.202111181127/tools/bin/../lib/gcc/arm-none-eabi/10.3.1/../../../../arm-none-eabi/lib/thumb/v7-m/nofp\libm.a(lib_a-e_rem_pio2.o)
                0x000000000800bca0                __ieee754_rem_pio2
 .text.__kernel_cos
                0x000000000800c090      0x17c c:/st/stm32cubeide_1.9.0/stm32cubeide/plugins/com.st.stm32cube.ide.mcu.externaltools.gnu-tools-for-stm32.10.3-2021.10.win32_1.0.0.202111181127/tools/bin/../lib/gcc/arm-none-eabi/10.3.1/../../../../arm-none-eabi/lib/thumb/v7-m/nofp\libm.a(lib_a-k_cos.o)
                0x000000000800c090                __kernel_cos
 .text.__kernel_rem_pio2
                0x000000000800c20c      0x684 c:/st/stm32cubeide_1.9.0/stm32cubeide/plugins/com.st.stm32cube.ide.mcu.externaltools.gnu-tools-for-stm32.10.3-2021.10.win32_1.0.0.202111181127/tools/bin/../lib/gcc/arm-none-eabi/10.3.1/../../../../arm-none-eabi/lib/thumb/v7-m/nofp\libm.a(lib_a-k_rem_pio2.o)
                0x000000000800c20c                __kernel_rem_pio2
 .text.__kernel_sin
                0x000000000800c890      0x16c c:/st/stm32cubeide_1.9.0/stm32cubeide/plugins/com.st.stm32cube.ide.mcu.externaltools.gnu-tools-for-stm32.10.3-2021.10.win32_1.0.0.202111181127/tools/bin/../lib/gcc/arm-none-eabi/10.3.1/../../../../arm-none-eabi/lib/thumb/v7-m/nofp\libm.a(lib_a-k_sin.o)
                0x000000000800c890                __kernel_sin
 .text.fabs     0x000000000800c9fc        0x6 c:/st/stm32cubeide_1.9.0/stm32cubeide/plugins/com.st.stm32cube.ide.mcu.externaltools.gnu-tools-for-stm32.10.3-2021.10.win32_1.0.0.202111181127/tools/bin/../lib/gcc/arm-none-eabi/10.3.1/../../../../arm-none-eabi/lib/thumb/v7-m/nofp\libm.a(lib_a-s_fabs.o)
                0x000000000800c9fc                fabs
 *fill*         0x000000000800ca02        0x6 
 .text.floor    0x000000000800ca08      0x100 c:/st/stm32cubeide_1.9.0/stm32cubeide/plugins/com.st.stm32cube.ide.mcu.externaltools.gnu-tools-for-stm32.10.3-2021.10.win32_1.0.0.202111181127/tools/bin/../lib/gcc/arm-none-eabi/10.3.1/../../../../arm-none-eabi/lib/thumb/v7-m/nofp\libm.a(lib_a-s_floor.o)
                0x000000000800ca08                floor
 .text.scalbn   0x000000000800cb08       0xfc c:/st/stm32cubeide_1.9.0/stm32cubeide/plugins/com.st.stm32cube.ide.mcu.externaltools.gnu-tools-for-stm32.10.3-2021.10.win32_1.0.0.202111181127/tools/bin/../lib/gcc/arm-none-eabi/10.3.1/../../../../arm-none-eabi/lib/thumb/v7-m/nofp\libm.a(lib_a-s_scalbn.o)
                0x000000000800cb08                scalbn
 *(.glue_7)
 .glue_7        0x000000000800cc04        0x0 linker stubs
 *(.glue_7t)
 .glue_7t       0x000000000800cc04        0x0 linker stubs
 *(.eh_frame)
 .eh_frame      0x000000000800cc04        0x0 c:/st/stm32cubeide_1.9.0/stm32cubeide/plugins/com.st.stm32cube.ide.mcu.externaltools.gnu-tools-for-stm32.10.3-2021.10.win32_1.0.0.202111181127/tools/bin/../lib/gcc/arm-none-eabi/10.3.1/thumb/v7-m/nofp/crtbegin.o
 *(.init)
 .init          0x000000000800cc04        0x4 c:/st/stm32cubeide_1.9.0/stm32cubeide/plugins/com.st.stm32cube.ide.mcu.externaltools.gnu-tools-for-stm32.10.3-2021.10.win32_1.0.0.202111181127/tools/bin/../lib/gcc/arm-none-eabi/10.3.1/thumb/v7-m/nofp/crti.o
                0x000000000800cc04                _init
 .init          0x000000000800cc08        0x8 c:/st/stm32cubeide_1.9.0/stm32cubeide/plugins/com.st.stm32cube.ide.mcu.externaltools.gnu-tools-for-stm32.10.3-2021.10.win32_1.0.0.202111181127/tools/bin/../lib/gcc/arm-none-eabi/10.3.1/thumb/v7-m/nofp/crtn.o
 *(.fini)
 .fini          0x000000000800cc10        0x4 c:/st/stm32cubeide_1.9.0/stm32cubeide/plugins/com.st.stm32cube.ide.mcu.externaltools.gnu-tools-for-stm32.10.3-2021.10.win32_1.0.0.202111181127/tools/bin/../lib/gcc/arm-none-eabi/10.3.1/thumb/v7-m/nofp/crti.o
                0x000000000800cc10                _fini
 .fini          0x000000000800cc14        0x8 c:/st/stm32cubeide_1.9.0/stm32cubeide/plugins/com.st.stm32cube.ide.mcu.externaltools.gnu-tools-for-stm32.10.3-2021.10.win32_1.0.0.202111181127/tools/bin/../lib/gcc/arm-none-eabi/10.3.1/thumb/v7-m/nofp/crtn.o
                0x000000000800cc1c                . = ALIGN (0x4)
                0x000000000800cc1c                _etext = .

.vfp11_veneer   0x000000000800cc1c        0x0
 .vfp11_veneer  0x000000000800cc1c        0x0 linker stubs

.v4_bx          0x000000000800cc1c        0x0
 .v4_bx         0x000000000800cc1c        0x0 linker stubs

.iplt           0x000000000800cc1c        0x0
 .iplt          0x000000000800cc1c        0x0 c:/st/stm32cubeide_1.9.0/stm32cubeide/plugins/com.st.stm32cube.ide.mcu.externaltools.gnu-tools-for-stm32.10.3-2021.10.win32_1.0.0.202111181127/tools/bin/../lib/gcc/arm-none-eabi/10.3.1/thumb/v7-m/nofp/crtbegin.o

.rodata         0x000000000800cc20    0x6a6d0
                0x000000000800cc20                . = ALIGN (0x4)
 *(.rodata)
 .rodata        0x000000000800cc20      0x1ad ./Core/Src/UI.o
 *fill*         0x000000000800cdcd        0x3 
 .rodata        0x000000000800cdd0      0x1a8 ./Core/Src/esp8266.o
 .rodata        0x000000000800cf78       0x40 ./Core/Src/main.o
 .rodata        0x000000000800cfb8       0x18 ./Core/Src/printf.o
 .rodata        0x000000000800cfd0       0x3e ./Core/Src/xpt2046.o
 *fill*         0x000000000800d00e        0x2 
 .rodata        0x000000000800d010       0x10 ./Drivers/STM32F1xx_HAL_Driver/Src/stm32f1xx_hal_rcc.o
 .rodata        0x000000000800d020       0x10 ./Drivers/STM32F1xx_HAL_Driver/Src/stm32f1xx_hal_rcc_ex.o
 .rodata        0x000000000800d030        0xc c:/st/stm32cubeide_1.9.0/stm32cubeide/plugins/com.st.stm32cube.ide.mcu.externaltools.gnu-tools-for-stm32.10.3-2021.10.win32_1.0.0.202111181127/tools/bin/../lib/gcc/arm-none-eabi/10.3.1/../../../../arm-none-eabi/lib/thumb/v7-m/nofp\libc_nano.a(lib_a-nano-vfscanf_i.o)
 *(.rodata*)
 .rodata.ucAscii_1608
                0x000000000800d03c      0x5f0 ./Core/Src/lcdtp.o
                0x000000000800d03c                ucAscii_1608
 .rodata.home_drink_water
                0x000000000800d62c       0x10 ./Core/Src/main.o
                0x000000000800d62c                home_drink_water
 .rodata.home_dark_mode
                0x000000000800d63c       0x10 ./Core/Src/main.o
                0x000000000800d63c                home_dark_mode
 .rodata.home_pet
                0x000000000800d64c       0x10 ./Core/Src/main.o
                0x000000000800d64c                home_pet
 .rodata.home_stats
                0x000000000800d65c       0x10 ./Core/Src/main.o
                0x000000000800d65c                home_stats
 .rodata.home_config
                0x000000000800d66c       0x10 ./Core/Src/main.o
                0x000000000800d66c                home_config
 .rodata.stats_home
                0x000000000800d67c       0x10 ./Core/Src/main.o
                0x000000000800d67c                stats_home
 .rodata.config_set_time
                0x000000000800d68c       0x10 ./Core/Src/main.o
                0x000000000800d68c                config_set_time
 .rodata.config_home
                0x000000000800d69c       0x10 ./Core/Src/main.o
                0x000000000800d69c                config_home
 .rodata.time_set_back
                0x000000000800d6ac       0x10 ./Core/Src/main.o
                0x000000000800d6ac                time_set_back
 .rodata.home_set
                0x000000000800d6bc       0x10 ./Core/Src/main.o
                0x000000000800d6bc                home_set
 .rodata.plus_hour
                0x000000000800d6cc       0x10 ./Core/Src/main.o
                0x000000000800d6cc                plus_hour
 .rodata.plus_min
                0x000000000800d6dc       0x10 ./Core/Src/main.o
                0x000000000800d6dc                plus_min
 .rodata.minus_hour
                0x000000000800d6ec       0x10 ./Core/Src/main.o
                0x000000000800d6ec                minus_hour
 .rodata.minus_min
                0x000000000800d6fc       0x10 ./Core/Src/main.o
                0x000000000800d6fc                minus_min
 .rodata.set_set
                0x000000000800d70c       0x10 ./Core/Src/main.o
                0x000000000800d70c                set_set
 *fill*         0x000000000800d71c        0x4 
 .rodata.pow10.0
                0x000000000800d720       0x50 ./Core/Src/printf.o
 .rodata.table_week
                0x000000000800d770        0xc ./Core/Src/rtc.o
                0x000000000800d770                table_week
 .rodata.mon_table
                0x000000000800d77c        0xc ./Core/Src/rtc.o
                0x000000000800d77c                mon_table
 .rodata.AHBPrescTable
                0x000000000800d788       0x10 ./Core/Src/system_stm32f1xx.o
                0x000000000800d788                AHBPrescTable
 .rodata.APBPrescTable
                0x000000000800d798        0x8 ./Core/Src/system_stm32f1xx.o
                0x000000000800d798                APBPrescTable
 .rodata.cold1  0x000000000800d7a0     0x7088 ./Core/batch/cold1.o
                0x000000000800d7a0                cold1
 .rodata.cold2  0x0000000008014828     0x7088 ./Core/batch/cold2.o
                0x0000000008014828                cold2
 .rodata.happy1
                0x000000000801b8b0     0x7088 ./Core/batch/happy1.o
                0x000000000801b8b0                happy1
 .rodata.hot1   0x0000000008022938     0x7088 ./Core/batch/hot1.o
                0x0000000008022938                hot1
 .rodata.hot2   0x00000000080299c0     0x7088 ./Core/batch/hot2.o
                0x00000000080299c0                hot2
 .rodata.normal
                0x0000000008030a48     0x7088 ./Core/batch/normal.o
                0x0000000008030a48                normal
 .rodata.sleep1
                0x0000000008037ad0     0x7088 ./Core/batch/sleep1.o
                0x0000000008037ad0                sleep1
 .rodata.sleep2
                0x000000000803eb58     0x7088 ./Core/batch/sleep2.o
                0x000000000803eb58                sleep2
 .rodata.sleep_water
                0x0000000008045be0     0x7088 ./Core/batch/sleep_water.o
                0x0000000008045be0                sleep_water
 .rodata.water1
                0x000000000804cc68     0x7088 ./Core/batch/water1.o
                0x000000000804cc68                water1
 .rodata.water1_night
                0x0000000008053cf0     0x7088 ./Core/batch/water1_night.o
                0x0000000008053cf0                water1_night
 .rodata.water2
                0x000000000805ad78     0x7088 ./Core/batch/water2.o
                0x000000000805ad78                water2
 .rodata.water2_night
                0x0000000008061e00     0x7088 ./Core/batch/water2_night.o
                0x0000000008061e00                water2_night
 .rodata.water3
                0x0000000008068e88     0x7088 ./Core/batch/water3.o
                0x0000000008068e88                water3
 .rodata.water3_night
                0x000000000806ff10     0x7088 ./Core/batch/water3_night.o
                0x000000000806ff10                water3_night
 .rodata.__ssvfscanf_r.str1.1
                0x0000000008076f98        0x4 c:/st/stm32cubeide_1.9.0/stm32cubeide/plugins/com.st.stm32cube.ide.mcu.externaltools.gnu-tools-for-stm32.10.3-2021.10.win32_1.0.0.202111181127/tools/bin/../lib/gcc/arm-none-eabi/10.3.1/../../../../arm-none-eabi/lib/thumb/v7-m/nofp\libc_nano.a(lib_a-nano-svfscanf.o)
 .rodata.str1.1
                0x0000000008076f9c        0x9 c:/st/stm32cubeide_1.9.0/stm32cubeide/plugins/com.st.stm32cube.ide.mcu.externaltools.gnu-tools-for-stm32.10.3-2021.10.win32_1.0.0.202111181127/tools/bin/../lib/gcc/arm-none-eabi/10.3.1/../../../../arm-none-eabi/lib/thumb/v7-m/nofp\libc_nano.a(lib_a-nano-vfscanf_i.o)
 .rodata._scanf_i.str1.1
                0x0000000008076fa5       0x12 c:/st/stm32cubeide_1.9.0/stm32cubeide/plugins/com.st.stm32cube.ide.mcu.externaltools.gnu-tools-for-stm32.10.3-2021.10.win32_1.0.0.202111181127/tools/bin/../lib/gcc/arm-none-eabi/10.3.1/../../../../arm-none-eabi/lib/thumb/v7-m/nofp\libc_nano.a(lib_a-nano-vfscanf_i.o)
 .rodata._ctype_
                0x0000000008076fb7      0x101 c:/st/stm32cubeide_1.9.0/stm32cubeide/plugins/com.st.stm32cube.ide.mcu.externaltools.gnu-tools-for-stm32.10.3-2021.10.win32_1.0.0.202111181127/tools/bin/../lib/gcc/arm-none-eabi/10.3.1/../../../../arm-none-eabi/lib/thumb/v7-m/nofp\libc_nano.a(lib_a-ctype_.o)
                0x0000000008076fb7                _ctype_
 .rodata.__sf_fake_stderr
                0x00000000080770b8       0x20 c:/st/stm32cubeide_1.9.0/stm32cubeide/plugins/com.st.stm32cube.ide.mcu.externaltools.gnu-tools-for-stm32.10.3-2021.10.win32_1.0.0.202111181127/tools/bin/../lib/gcc/arm-none-eabi/10.3.1/../../../../arm-none-eabi/lib/thumb/v7-m/nofp\libc_nano.a(lib_a-findfp.o)
                0x00000000080770b8                __sf_fake_stderr
 .rodata.__sf_fake_stdin
                0x00000000080770d8       0x20 c:/st/stm32cubeide_1.9.0/stm32cubeide/plugins/com.st.stm32cube.ide.mcu.externaltools.gnu-tools-for-stm32.10.3-2021.10.win32_1.0.0.202111181127/tools/bin/../lib/gcc/arm-none-eabi/10.3.1/../../../../arm-none-eabi/lib/thumb/v7-m/nofp\libc_nano.a(lib_a-findfp.o)
                0x00000000080770d8                __sf_fake_stdin
 .rodata.__sf_fake_stdout
                0x00000000080770f8       0x20 c:/st/stm32cubeide_1.9.0/stm32cubeide/plugins/com.st.stm32cube.ide.mcu.externaltools.gnu-tools-for-stm32.10.3-2021.10.win32_1.0.0.202111181127/tools/bin/../lib/gcc/arm-none-eabi/10.3.1/../../../../arm-none-eabi/lib/thumb/v7-m/nofp\libc_nano.a(lib_a-findfp.o)
                0x00000000080770f8                __sf_fake_stdout
 .rodata.npio2_hw
                0x0000000008077118       0x80 c:/st/stm32cubeide_1.9.0/stm32cubeide/plugins/com.st.stm32cube.ide.mcu.externaltools.gnu-tools-for-stm32.10.3-2021.10.win32_1.0.0.202111181127/tools/bin/../lib/gcc/arm-none-eabi/10.3.1/../../../../arm-none-eabi/lib/thumb/v7-m/nofp\libm.a(lib_a-e_rem_pio2.o)
 .rodata.two_over_pi
                0x0000000008077198      0x108 c:/st/stm32cubeide_1.9.0/stm32cubeide/plugins/com.st.stm32cube.ide.mcu.externaltools.gnu-tools-for-stm32.10.3-2021.10.win32_1.0.0.202111181127/tools/bin/../lib/gcc/arm-none-eabi/10.3.1/../../../../arm-none-eabi/lib/thumb/v7-m/nofp\libm.a(lib_a-e_rem_pio2.o)
 .rodata.PIo2   0x00000000080772a0       0x40 c:/st/stm32cubeide_1.9.0/stm32cubeide/plugins/com.st.stm32cube.ide.mcu.externaltools.gnu-tools-for-stm32.10.3-2021.10.win32_1.0.0.202111181127/tools/bin/../lib/gcc/arm-none-eabi/10.3.1/../../../../arm-none-eabi/lib/thumb/v7-m/nofp\libm.a(lib_a-k_rem_pio2.o)
 .rodata.init_jk
                0x00000000080772e0       0x10 c:/st/stm32cubeide_1.9.0/stm32cubeide/plugins/com.st.stm32cube.ide.mcu.externaltools.gnu-tools-for-stm32.10.3-2021.10.win32_1.0.0.202111181127/tools/bin/../lib/gcc/arm-none-eabi/10.3.1/../../../../arm-none-eabi/lib/thumb/v7-m/nofp\libm.a(lib_a-k_rem_pio2.o)
                0x00000000080772f0                . = ALIGN (0x4)

.ARM.extab      0x00000000080772f0        0x0
                0x00000000080772f0                . = ALIGN (0x4)
 *(.ARM.extab* .gnu.linkonce.armextab.*)
                0x00000000080772f0                . = ALIGN (0x4)

.ARM            0x00000000080772f0        0x8
                0x00000000080772f0                . = ALIGN (0x4)
                0x00000000080772f0                __exidx_start = .
 *(.ARM.exidx*)
 .ARM.exidx     0x00000000080772f0        0x8 c:/st/stm32cubeide_1.9.0/stm32cubeide/plugins/com.st.stm32cube.ide.mcu.externaltools.gnu-tools-for-stm32.10.3-2021.10.win32_1.0.0.202111181127/tools/bin/../lib/gcc/arm-none-eabi/10.3.1/thumb/v7-m/nofp\libgcc.a(_udivmoddi4.o)
                0x00000000080772f8                __exidx_end = .
                0x00000000080772f8                . = ALIGN (0x4)

.rel.dyn        0x00000000080772f8        0x0
 .rel.iplt      0x00000000080772f8        0x0 c:/st/stm32cubeide_1.9.0/stm32cubeide/plugins/com.st.stm32cube.ide.mcu.externaltools.gnu-tools-for-stm32.10.3-2021.10.win32_1.0.0.202111181127/tools/bin/../lib/gcc/arm-none-eabi/10.3.1/thumb/v7-m/nofp/crtbegin.o

.preinit_array  0x00000000080772f8        0x0
                0x00000000080772f8                . = ALIGN (0x4)
                0x00000000080772f8                PROVIDE (__preinit_array_start = .)
 *(.preinit_array*)
                0x00000000080772f8                PROVIDE (__preinit_array_end = .)
                0x00000000080772f8                . = ALIGN (0x4)

.init_array     0x00000000080772f8        0x4
                0x00000000080772f8                . = ALIGN (0x4)
                0x00000000080772f8                PROVIDE (__init_array_start = .)
 *(SORT_BY_NAME(.init_array.*))
 *(.init_array*)
 .init_array    0x00000000080772f8        0x4 c:/st/stm32cubeide_1.9.0/stm32cubeide/plugins/com.st.stm32cube.ide.mcu.externaltools.gnu-tools-for-stm32.10.3-2021.10.win32_1.0.0.202111181127/tools/bin/../lib/gcc/arm-none-eabi/10.3.1/thumb/v7-m/nofp/crtbegin.o
                0x00000000080772fc                PROVIDE (__init_array_end = .)
                0x00000000080772fc                . = ALIGN (0x4)

.fini_array     0x00000000080772fc        0x4
                0x00000000080772fc                . = ALIGN (0x4)
                [!provide]                        PROVIDE (__fini_array_start = .)
 *(SORT_BY_NAME(.fini_array.*))
 *(.fini_array*)
 .fini_array    0x00000000080772fc        0x4 c:/st/stm32cubeide_1.9.0/stm32cubeide/plugins/com.st.stm32cube.ide.mcu.externaltools.gnu-tools-for-stm32.10.3-2021.10.win32_1.0.0.202111181127/tools/bin/../lib/gcc/arm-none-eabi/10.3.1/thumb/v7-m/nofp/crtbegin.o
                [!provide]                        PROVIDE (__fini_array_end = .)
                0x0000000008077300                . = ALIGN (0x4)
                0x0000000008077300                _sidata = LOADADDR (.data)

.data           0x0000000020000000       0xb4 load address 0x0000000008077300
                0x0000000020000000                . = ALIGN (0x4)
                0x0000000020000000                _sdata = .
 *(.data)
 *(.data*)
 .data.esp8266_step_flag
                0x0000000020000000        0x1 ./Core/Src/esp8266.o
                0x0000000020000000                esp8266_step_flag
 *fill*         0x0000000020000001        0x3 
 .data.ssid     0x0000000020000004        0x4 ./Core/Src/main.o
                0x0000000020000004                ssid
 .data.wifi_password
                0x0000000020000008        0x4 ./Core/Src/main.o
                0x0000000020000008                wifi_password
 .data.petStats
                0x000000002000000c        0x4 ./Core/Src/main.o
                0x000000002000000c                petStats
 .data.DHT11_SCHEDULE_FLAG
                0x0000000020000010        0x1 ./Core/Src/main.o
                0x0000000020000010                DHT11_SCHEDULE_FLAG
 *fill*         0x0000000020000011        0x3 
 .data.SystemCoreClock
                0x0000000020000014        0x4 ./Core/Src/system_stm32f1xx.o
                0x0000000020000014                SystemCoreClock
 .data.strXPT2046_TouchPara
                0x0000000020000018       0x30 ./Core/Src/xpt2046.o
                0x0000000020000018                strXPT2046_TouchPara
 .data.uwTickPrio
                0x0000000020000048        0x4 ./Drivers/STM32F1xx_HAL_Driver/Src/stm32f1xx_hal.o
                0x0000000020000048                uwTickPrio
 .data.uwTickFreq
                0x000000002000004c        0x1 ./Drivers/STM32F1xx_HAL_Driver/Src/stm32f1xx_hal.o
                0x000000002000004c                uwTickFreq
 *fill*         0x000000002000004d        0x3 
 .data._impure_ptr
                0x0000000020000050        0x4 c:/st/stm32cubeide_1.9.0/stm32cubeide/plugins/com.st.stm32cube.ide.mcu.externaltools.gnu-tools-for-stm32.10.3-2021.10.win32_1.0.0.202111181127/tools/bin/../lib/gcc/arm-none-eabi/10.3.1/../../../../arm-none-eabi/lib/thumb/v7-m/nofp\libc_nano.a(lib_a-impure.o)
                0x0000000020000050                _impure_ptr
 .data.impure_data
                0x0000000020000054       0x60 c:/st/stm32cubeide_1.9.0/stm32cubeide/plugins/com.st.stm32cube.ide.mcu.externaltools.gnu-tools-for-stm32.10.3-2021.10.win32_1.0.0.202111181127/tools/bin/../lib/gcc/arm-none-eabi/10.3.1/../../../../arm-none-eabi/lib/thumb/v7-m/nofp\libc_nano.a(lib_a-impure.o)
 *(.RamFunc)
 *(.RamFunc*)
                0x00000000200000b4                . = ALIGN (0x4)
                0x00000000200000b4                _edata = .

.igot.plt       0x00000000200000b4        0x0 load address 0x00000000080773b4
 .igot.plt      0x00000000200000b4        0x0 c:/st/stm32cubeide_1.9.0/stm32cubeide/plugins/com.st.stm32cube.ide.mcu.externaltools.gnu-tools-for-stm32.10.3-2021.10.win32_1.0.0.202111181127/tools/bin/../lib/gcc/arm-none-eabi/10.3.1/thumb/v7-m/nofp/crtbegin.o
                0x00000000200000b4                . = ALIGN (0x4)

.bss            0x00000000200000b4      0xb3c load address 0x00000000080773b4
                0x00000000200000b4                _sbss = .
                0x00000000200000b4                __bss_start__ = _sbss
 *(.bss)
 .bss           0x00000000200000b4       0x1c c:/st/stm32cubeide_1.9.0/stm32cubeide/plugins/com.st.stm32cube.ide.mcu.externaltools.gnu-tools-for-stm32.10.3-2021.10.win32_1.0.0.202111181127/tools/bin/../lib/gcc/arm-none-eabi/10.3.1/thumb/v7-m/nofp/crtbegin.o
 *(.bss*)
 .bss.DebugUartHandle
                0x00000000200000d0       0x40 ./Core/Src/bsp_usart.o
                0x00000000200000d0                DebugUartHandle
 .bss.WifiUartHandle
                0x0000000020000110       0x40 ./Core/Src/bsp_usart.o
                0x0000000020000110                WifiUartHandle
 .bss.darkmode_toggle
                0x0000000020000150        0x1 ./Core/Src/lcdtp.o
                0x0000000020000150                darkmode_toggle
 *fill*         0x0000000020000151        0x3 
 .bss.hadc1     0x0000000020000154       0x30 ./Core/Src/main.o
                0x0000000020000154                hadc1
 .bss.hrtc      0x0000000020000184       0x14 ./Core/Src/main.o
                0x0000000020000184                hrtc
 .bss.htim1     0x0000000020000198       0x40 ./Core/Src/main.o
                0x0000000020000198                htim1
 .bss.htim2     0x00000000200001d8       0x40 ./Core/Src/main.o
                0x00000000200001d8                htim2
 .bss.htim3     0x0000000020000218       0x40 ./Core/Src/main.o
                0x0000000020000218                htim3
 .bss.htim5     0x0000000020000258       0x40 ./Core/Src/main.o
                0x0000000020000258                htim5
 .bss.huart1    0x0000000020000298       0x40 ./Core/Src/main.o
                0x0000000020000298                huart1
 .bss.huart3    0x00000000200002d8       0x40 ./Core/Src/main.o
                0x00000000200002d8                huart3
 .bss.hsram1    0x0000000020000318       0x44 ./Core/Src/main.o
                0x0000000020000318                hsram1
 .bss.DHT11_data
                0x000000002000035c        0x5 ./Core/Src/main.o
                0x000000002000035c                DHT11_data
 *fill*         0x0000000020000361        0x3 
 .bss.Coordinate
                0x0000000020000364        0x4 ./Core/Src/main.o
                0x0000000020000364                Coordinate
 .bss.real_time
                0x0000000020000368        0x8 ./Core/Src/main.o
                0x0000000020000368                real_time
 .bss.lastupdate_raw
                0x0000000020000370        0x4 ./Core/Src/main.o
                0x0000000020000370                lastupdate_raw
 .bss.lastdrink_raw
                0x0000000020000374        0x4 ./Core/Src/main.o
                0x0000000020000374                lastdrink_raw
 .bss.next      0x0000000020000378        0x4 ./Core/Src/main.o
                0x0000000020000378                next
 .bss.tilnext   0x000000002000037c        0x4 ./Core/Src/main.o
                0x000000002000037c                tilnext
 .bss.exertime  0x0000000020000380        0x4 ./Core/Src/main.o
                0x0000000020000380                exertime
 .bss.exertime_fixed
                0x0000000020000384        0x4 ./Core/Src/main.o
                0x0000000020000384                exertime_fixed
 .bss.exertimer
                0x0000000020000388        0x4 ./Core/Src/main.o
                0x0000000020000388                exertimer
 .bss.sec       0x000000002000038c        0x4 ./Core/Src/main.o
                0x000000002000038c                sec
 .bss.USART_GET_TIME_FLAG
                0x0000000020000390        0x1 ./Core/Src/main.o
                0x0000000020000390                USART_GET_TIME_FLAG
 .bss.USART_WATER_FLAG
                0x0000000020000391        0x1 ./Core/Src/main.o
                0x0000000020000391                USART_WATER_FLAG
 .bss.USART_EXERCISE_FLAG
                0x0000000020000392        0x1 ./Core/Src/main.o
                0x0000000020000392                USART_EXERCISE_FLAG
 .bss.ALARM_TIMES_UP_RENDER_FLAG
                0x0000000020000393        0x1 ./Core/Src/main.o
                0x0000000020000393                ALARM_TIMES_UP_RENDER_FLAG
 .bss.EXER_TIMER_SET_FLAG
                0x0000000020000394        0x1 ./Core/Src/main.o
                0x0000000020000394                EXER_TIMER_SET_FLAG
 *fill*         0x0000000020000395        0x3 
 .bss.USART_DATE_BUFFER
                0x0000000020000398        0xf ./Core/Src/main.o
                0x0000000020000398                USART_DATE_BUFFER
 *fill*         0x00000000200003a7        0x1 
 .bss.timeout_rb
                0x00000000200003a8        0x2 ./Core/Src/ring_buffer.o
                0x00000000200003a8                timeout_rb
 *fill*         0x00000000200003aa        0x2 
 .bss.rx_buffer
                0x00000000200003ac      0x408 ./Core/Src/ring_buffer.o
                0x00000000200003ac                rx_buffer
 .bss.tx_buffer
                0x00000000200007b4      0x408 ./Core/Src/ring_buffer.o
                0x00000000200007b4                tx_buffer
 .bss._rx_buffer
                0x0000000020000bbc        0x4 ./Core/Src/ring_buffer.o
                0x0000000020000bbc                _rx_buffer
 .bss._tx_buffer
                0x0000000020000bc0        0x4 ./Core/Src/ring_buffer.o
                0x0000000020000bc0                _tx_buffer
 .bss.ryear     0x0000000020000bc4        0x2 ./Core/Src/rtc.o
                0x0000000020000bc4                ryear
 .bss.rmon      0x0000000020000bc6        0x1 ./Core/Src/rtc.o
                0x0000000020000bc6                rmon
 .bss.rday      0x0000000020000bc7        0x1 ./Core/Src/rtc.o
                0x0000000020000bc7                rday
 .bss.rhour     0x0000000020000bc8        0x1 ./Core/Src/rtc.o
                0x0000000020000bc8                rhour
 .bss.rmin      0x0000000020000bc9        0x1 ./Core/Src/rtc.o
                0x0000000020000bc9                rmin
 .bss.rsec      0x0000000020000bca        0x1 ./Core/Src/rtc.o
                0x0000000020000bca                rsec
 .bss.rweek     0x0000000020000bcb        0x1 ./Core/Src/rtc.o
                0x0000000020000bcb                rweek
 .bss.daycnt.0  0x0000000020000bcc        0x2 ./Core/Src/rtc.o
 *fill*         0x0000000020000bce        0x2 
 .bss.FSMC_Initialized
                0x0000000020000bd0        0x4 ./Core/Src/stm32f1xx_hal_msp.o
 .bss.__sbrk_heap_end
                0x0000000020000bd4        0x4 ./Core/Src/sysmem.o