../Drivers/STM32F1xx_HAL_Driver/Src/stm32f1xx_ll_fsmc.c:148:20:FSMC_NORSRAM_Init	16	static
../Drivers/STM32F1xx_HAL_Driver/Src/stm32f1xx_ll_fsmc.c:217:19:FSMC_NORSRAM_DeInit	24	static
../Drivers/STM32F1xx_HAL_Driver/Src/stm32f1xx_ll_fsmc.c:254:19:FSMC_NORSRAM_Timing_Init	24	static
../Drivers/STM32F1xx_HAL_Driver/Src/stm32f1xx_ll_fsmc.c:293:20:FSMC_NORSRAM_Extended_Timing_Init	24	static
../Drivers/STM32F1xx_HAL_Driver/Src/stm32f1xx_ll_fsmc.c:367:19:FSMC_NORSRAM_WriteOperation_Enable	16	static
../Drivers/STM32F1xx_HAL_Driver/Src/stm32f1xx_ll_fsmc.c:385:19:FSMC_NORSRAM_WriteOperation_Disable	16	static
../Drivers/STM32F1xx_HAL_Driver/Src/stm32f1xx_ll_fsmc.c:454:19:FSMC_NAND_Init	16	static
../Drivers/STM32F1xx_HAL_Driver/Src/stm32f1xx_ll_fsmc.c:501:19:FSMC_NAND_CommonSpace_Timing_Init	24	static
../Drivers/STM32F1xx_HAL_Driver/Src/stm32f1xx_ll_fsmc.c:540:19:FSMC_NAND_AttributeSpace_Timing_Init	24	static
../Drivers/STM32F1xx_HAL_Driver/Src/stm32f1xx_ll_fsmc.c:578:19:FSMC_NAND_DeInit	16	static
../Drivers/STM32F1xx_HAL_Driver/Src/stm32f1xx_ll_fsmc.c:635:19:FSMC_NAND_ECC_Enable	16	static
../Drivers/STM32F1xx_HAL_Driver/Src/stm32f1xx_ll_fsmc.c:660:19:FSMC_NAND_ECC_Disable	16	static
../Drivers/STM32F1xx_HAL_Driver/Src/stm32f1xx_ll_fsmc.c:687:19:FSMC_NAND_GetECC	32	static
../Drivers/STM32F1xx_HAL_Driver/Src/stm32f1xx_ll_fsmc.c:781:19:FSMC_PCCARD_Init	16	static
../Drivers/STM32F1xx_HAL_Driver/Src/stm32f1xx_ll_fsmc.c:810:19:FSMC_PCCARD_CommonSpace_Timing_Init	16	static
../Drivers/STM32F1xx_HAL_Driver/Src/stm32f1xx_ll_fsmc.c:836:19:FSMC_PCCARD_AttributeSpace_Timing_Init	16	static
../Drivers/STM32F1xx_HAL_Driver/Src/stm32f1xx_ll_fsmc.c:862:19:FSMC_PCCARD_IOSpace_Timing_Init	16	static
../Drivers/STM32F1xx_HAL_Driver/Src/stm32f1xx_ll_fsmc.c:886:19:FSMC_PCCARD_DeInit	16	static
