../Drivers/STM32F1xx_HAL_Driver/Src/stm32f1xx_hal_rtc_ex.c:97:19:HAL_RTCEx_SetTamper	16	static
../Drivers/STM32F1xx_HAL_Driver/Src/stm32f1xx_hal_rtc_ex.c:143:19:HAL_RTCEx_SetTamper_IT	16	static
../Drivers/STM32F1xx_HAL_Driver/Src/stm32f1xx_hal_rtc_ex.c:191:19:HAL_RTCEx_DeactivateTamper	16	static
../Drivers/STM32F1xx_HAL_Driver/Src/stm32f1xx_hal_rtc_ex.c:233:6:HAL_RTCEx_TamperIRQHandler	16	static
../Drivers/STM32F1xx_HAL_Driver/Src/stm32f1xx_hal_rtc_ex.c:259:13:HAL_RTCEx_Tamper1EventCallback	16	static
../Drivers/STM32F1xx_HAL_Driver/Src/stm32f1xx_hal_rtc_ex.c:275:19:HAL_RTCEx_PollForTamper1Event	24	static
../Drivers/STM32F1xx_HAL_Driver/Src/stm32f1xx_hal_rtc_ex.c:331:19:HAL_RTCEx_SetSecond_IT	16	static
../Drivers/STM32F1xx_HAL_Driver/Src/stm32f1xx_hal_rtc_ex.c:361:19:HAL_RTCEx_DeactivateSecond	16	static
../Drivers/STM32F1xx_HAL_Driver/Src/stm32f1xx_hal_rtc_ex.c:391:6:HAL_RTCEx_RTCIRQHandler	16	static
../Drivers/STM32F1xx_HAL_Driver/Src/stm32f1xx_hal_rtc_ex.c:431:13:HAL_RTCEx_RTCEventCallback	16	static
../Drivers/STM32F1xx_HAL_Driver/Src/stm32f1xx_hal_rtc_ex.c:446:13:HAL_RTCEx_RTCEventErrorCallback	16	static
../Drivers/STM32F1xx_HAL_Driver/Src/stm32f1xx_hal_rtc_ex.c:486:6:HAL_RTCEx_BKUPWrite	32	static
../Drivers/STM32F1xx_HAL_Driver/Src/stm32f1xx_hal_rtc_ex.c:511:10:HAL_RTCEx_BKUPRead	24	static
../Drivers/STM32F1xx_HAL_Driver/Src/stm32f1xx_hal_rtc_ex.c:541:19:HAL_RTCEx_SetSmoothCalib	24	static
