../Core/Src/bsp_usart.c:9:6:DEBUG_USART_Config	8	static
../Core/Src/bsp_usart.c:28:6:WIFI_USART_Config	8	static
../Core/Src/bsp_usart.c:108:6:Usart_SendString	24	static
c:\st\stm32cubeide_1.9.0\stm32cubeide\plugins\com.st.stm32cube.ide.mcu.externaltools.gnu-tools-for-stm32.10.3-2021.10.win32_1.0.0.202111181127\tools\arm-none-eabi\include\stdio.h:214:5:fputc	16	static
c:\st\stm32cubeide_1.9.0\stm32cubeide\plugins\com.st.stm32cube.ide.mcu.externaltools.gnu-tools-for-stm32.10.3-2021.10.win32_1.0.0.202111181127\tools\arm-none-eabi\include\stdio.h:212:5:fgetc	24	static
