../Core/Src/esp8266.c:8:6:ESP8266_GPIO_Config	32	static
../Core/Src/esp8266.c:27:6:ESP8266_RESET	8	static
../Core/Src/esp8266.c:37:6:esp8266_cmd_reset	8	static
../Core/Src/esp8266.c:44:6:esp8266_cmd_set_station	8	static
../Core/Src/esp8266.c:51:6:esp8266_cmd_connectWifi	8	static
../Core/Src/esp8266.c:64:6:esp8266_cmd_tcp	8	static
../Core/Src/esp8266.c:71:6:esp8266_cmd_trans_mode	8	static
../Core/Src/esp8266.c:79:6:esp8266_cmd_send_request	8	static
../Core/Src/esp8266.c:89:6:esp8266_cmd_fill_request	8	static
../Core/Src/esp8266.c:96:6:esp8266_get_time_buffer	8	static
../Core/Src/esp8266.c:110:6:esp8266_get_time	8	static
