../Core/Src/esp8266.c:9:6:ESP8266_GPIO_Config	32	static
../Core/Src/esp8266.c:28:6:ESP8266_RESET	8	static
../Core/Src/esp8266.c:43:6:esp8266_cmd_reset	8	static
../Core/Src/esp8266.c:51:6:esp8266_cmd_set_station	8	static
../Core/Src/esp8266.c:59:6:esp8266_cmd_connectWifi	8	static
../Core/Src/esp8266.c:69:6:esp8266_cmd_tcp	8	static
../Core/Src/esp8266.c:77:6:esp8266_cmd_trans_mode	8	static
../Core/Src/esp8266.c:86:6:esp8266_cmd_send_request	8	static
../Core/Src/esp8266.c:94:6:esp8266_cmd_fill_time_request	8	static
../Core/Src/esp8266.c:102:6:esp8266_cmd_fill_water_request	8	static
../Core/Src/esp8266.c:110:6:esp8266_cmd_fill_exercise_request	8	static
../Core/Src/esp8266.c:118:6:esp8266_get_time_buffer	8	static
../Core/Src/esp8266.c:132:6:esp8266_get_time	8	static
../Core/Src/esp8266.c:169:6:esp8266_update_water	8	static
../Core/Src/esp8266.c:200:6:esp8266_update_exercise	8	static
