../Core/Src/lcdtp.c:11:6:Delay	16	static
../Core/Src/lcdtp.c:15:6:LCD_INIT	8	static
../Core/Src/lcdtp.c:24:6:LCD_Rst	8	static
../Core/Src/lcdtp.c:33:6:LCD_BackLed_Control	16	static
../Core/Src/lcdtp.c:42:6:LCD_Write_Cmd	16	static
../Core/Src/lcdtp.c:50:6:LCD_Write_Data	16	static
../Core/Src/lcdtp.c:56:10:LCD_Read_Data	4	static
../Core/Src/lcdtp.c:62:6:LCD_REG_Config	8	static
../Core/Src/lcdtp.c:219:6:LCD_OpenWindow	24	static
../Core/Src/lcdtp.c:236:6:LCD_FillColor	24	static
../Core/Src/lcdtp.c:249:6:LCD_Clear	32	static
../Core/Src/lcdtp.c:259:6:LCD_Clear_Color	24	static
../Core/Src/lcdtp.c:264:10:LCD_Read_PixelData	16	static
../Core/Src/lcdtp.c:282:10:LCD_GetPointPixel	24	static
../Core/Src/lcdtp.c:296:6:LCD_DrawLine	64	static
../Core/Src/lcdtp.c:368:6:LCD_DrawChar	32	static
../Core/Src/lcdtp.c:404:6:LCD_DrawString	16	static
../Core/Src/lcdtp.c:433:6:LCD_DrawDot	16	static
../Core/Src/lcdtp.c:441:6:LCD_DrawCircle	48	static
../Core/Src/lcdtp.c:450:6:LCD_DrawChar_Color	32	static
../Core/Src/lcdtp.c:480:6:LCD_DrawCross	24	static
../Core/Src/lcdtp.c:488:6:LCD_DrawString_Color	40	static
../Core/Src/lcdtp.c:515:6:LCD_GramScan	16	static
../Core/Src/lcdtp.c:616:6:LCD_Darkmode_Toggle	4	static
../Core/Src/lcdtp.c:634:6:LCD_DrawPicture	32	static
../Core/Src/lcdtp.c:654:6:LCD_DHT11	16	static
