../Core/Src/lcdtp.c:10:6:Delay	16	static
../Core/Src/lcdtp.c:14:6:LCD_INIT	8	static
../Core/Src/lcdtp.c:23:6:LCD_Rst	8	static
../Core/Src/lcdtp.c:32:6:LCD_BackLed_Control	16	static
../Core/Src/lcdtp.c:41:6:LCD_Write_Cmd	16	static
../Core/Src/lcdtp.c:49:6:LCD_Write_Data	16	static
../Core/Src/lcdtp.c:55:10:LCD_Read_Data	4	static
../Core/Src/lcdtp.c:61:6:LCD_REG_Config	8	static
../Core/Src/lcdtp.c:218:6:LCD_OpenWindow	24	static
../Core/Src/lcdtp.c:235:6:LCD_FillColor	24	static
../Core/Src/lcdtp.c:248:6:LCD_Clear	32	static
../Core/Src/lcdtp.c:258:6:LCD_Clear_Color	24	static
../Core/Src/lcdtp.c:263:10:LCD_Read_PixelData	16	static
../Core/Src/lcdtp.c:281:10:LCD_GetPointPixel	24	static
../Core/Src/lcdtp.c:295:6:LCD_DrawLine	64	static
../Core/Src/lcdtp.c:367:6:LCD_DrawChar	32	static
../Core/Src/lcdtp.c:403:6:LCD_DrawString	16	static
../Core/Src/lcdtp.c:432:6:LCD_DrawDot	16	static
../Core/Src/lcdtp.c:440:6:LCD_DrawCircle	16	static
../Core/Src/lcdtp.c:445:6:LCD_DrawChar_Color	32	static
../Core/Src/lcdtp.c:475:6:LCD_DrawCross	24	static
../Core/Src/lcdtp.c:483:6:LCD_DrawString_Color	40	static
../Core/Src/lcdtp.c:510:6:LCD_GramScan	16	static
../Core/Src/lcdtp.c:611:6:LCD_Darkmode_Toggle	16	static
../Core/Src/lcdtp.c:622:6:LCD_DrawPicture	32	static
