../Core/Src/lcdtp.c:9:6:Delay	16	static
../Core/Src/lcdtp.c:13:6:LCD_INIT	8	static
../Core/Src/lcdtp.c:22:6:LCD_Rst	8	static
../Core/Src/lcdtp.c:31:6:LCD_BackLed_Control	16	static
../Core/Src/lcdtp.c:40:6:LCD_Write_Cmd	16	static
../Core/Src/lcdtp.c:48:6:LCD_Write_Data	16	static
../Core/Src/lcdtp.c:54:10:LCD_Read_Data	4	static
../Core/Src/lcdtp.c:60:6:LCD_REG_Config	8	static
../Core/Src/lcdtp.c:217:6:LCD_OpenWindow	24	static
../Core/Src/lcdtp.c:234:6:LCD_FillColor	24	static
../Core/Src/lcdtp.c:247:6:LCD_Clear	32	static
../Core/Src/lcdtp.c:257:6:LCD_Clear_Color	24	static
../Core/Src/lcdtp.c:262:10:LCD_Read_PixelData	16	static
../Core/Src/lcdtp.c:280:10:LCD_GetPointPixel	24	static
../Core/Src/lcdtp.c:294:6:LCD_DrawLine	64	static
../Core/Src/lcdtp.c:366:6:LCD_DrawChar	32	static
../Core/Src/lcdtp.c:402:6:LCD_DrawString	16	static
../Core/Src/lcdtp.c:431:6:LCD_DrawDot	16	static
../Core/Src/lcdtp.c:439:6:LCD_DrawCircle	16	static
../Core/Src/lcdtp.c:444:6:LCD_DrawChar_Color	32	static
../Core/Src/lcdtp.c:474:6:LCD_DrawCross	24	static
../Core/Src/lcdtp.c:482:6:LCD_DrawString_Color	40	static
../Core/Src/lcdtp.c:509:6:LCD_GramScan	16	static
../Core/Src/lcdtp.c:610:6:LCD_Darkmode_Toggle	4	static
