../Core/Src/main.c:119:5:main	64	static
../Core/Src/main.c:355:6:SystemClock_Config	96	static
../Core/Src/main.c:401:6:MX_RTC_Init	24	static
../Core/Src/main.c:461:13:MX_TIM1_Init	88	static
../Core/Src/main.c:536:13:MX_TIM2_Init	32	static
../Core/Src/main.c:581:13:MX_TIM3_Init	32	static
../Core/Src/main.c:626:13:MX_TIM5_Init	32	static
../Core/Src/main.c:671:13:MX_USART1_UART_Init	8	static
../Core/Src/main.c:704:13:MX_GPIO_Init	48	static
../Core/Src/main.c:767:13:MX_FSMC_Init	40	static
../Core/Src/main.c:831:6:Error_Handler	4	static
