../Core/Src/main.c:132:5:main	64	static
../Core/Src/main.c:408:6:SystemClock_Config	96	static
../Core/Src/main.c:455:13:MX_ADC1_Init	24	static
../Core/Src/main.c:500:6:MX_RTC_Init	24	static
../Core/Src/main.c:560:13:MX_TIM1_Init	88	static
../Core/Src/main.c:635:13:MX_TIM2_Init	32	static
../Core/Src/main.c:680:13:MX_TIM3_Init	32	static
../Core/Src/main.c:725:13:MX_TIM5_Init	32	static
../Core/Src/main.c:770:13:MX_USART1_UART_Init	8	static
../Core/Src/main.c:803:13:MX_USART3_UART_Init	8	static
../Core/Src/main.c:836:13:MX_GPIO_Init	48	static
../Core/Src/main.c:918:13:MX_FSMC_Init	40	static
../Core/Src/main.c:982:6:Error_Handler	4	static
