../Core/Src/printf.c:120:6:_putchar	16	static
../Core/Src/printf.c:140:20:_out_buffer	24	static
../Core/Src/printf.c:149:20:_out_null	24	static
../Core/Src/printf.c:156:20:_out_char	24	static
../Core/Src/printf.c:166:20:_out_fct	24	static
../Core/Src/printf.c:178:28:_strnlen_s	24	static
../Core/Src/printf.c:188:20:_is_digit	16	static
../Core/Src/printf.c:195:21:_atoi	24	static
../Core/Src/printf.c:206:15:_out_rev	40	static
../Core/Src/printf.c:234:15:_ntoa_format	40	static
../Core/Src/printf.c:288:15:_ntoa_long	96	static
../Core/Src/printf.c:313:15:_ntoa_long_long	96	static
../Core/Src/printf.c:346:15:_ftoa	128	static
../Core/Src/printf.c:474:15:_etoa	152	static
../Core/Src/printf.c:584:12:_vsnprintf	176	static
../Core/Src/printf.c:869:5:printf_	32	static
../Core/Src/printf.c:880:5:sprintf_	36	static
../Core/Src/printf.c:890:5:snprintf_	32	static
../Core/Src/printf.c:900:5:vprintf_	32	static
../Core/Src/printf.c:907:5:vsnprintf_	32	static
../Core/Src/printf.c:913:5:fctprintf	40	static
