../Core/Src/printf.c:122:6:USART1_PRINT_INIT	16	static
../Core/Src/printf.c:126:6:_putchar	16	static
../Core/Src/printf.c:146:20:_out_buffer	24	static
../Core/Src/printf.c:155:20:_out_null	24	static
../Core/Src/printf.c:162:20:_out_char	24	static
../Core/Src/printf.c:172:20:_out_fct	24	static
../Core/Src/printf.c:184:28:_strnlen_s	24	static
../Core/Src/printf.c:194:20:_is_digit	16	static
../Core/Src/printf.c:201:21:_atoi	24	static
../Core/Src/printf.c:212:15:_out_rev	40	static
../Core/Src/printf.c:240:15:_ntoa_format	40	static
../Core/Src/printf.c:294:15:_ntoa_long	96	static
../Core/Src/printf.c:319:15:_ntoa_long_long	96	static
../Core/Src/printf.c:352:15:_ftoa	128	static
../Core/Src/printf.c:480:15:_etoa	152	static
../Core/Src/printf.c:590:12:_vsnprintf	176	static
../Core/Src/printf.c:875:5:printf_	32	static
../Core/Src/printf.c:886:5:sprintf_	36	static
../Core/Src/printf.c:896:5:snprintf_	32	static
../Core/Src/printf.c:906:5:vprintf_	32	static
../Core/Src/printf.c:913:5:vsnprintf_	32	static
../Core/Src/printf.c:919:5:fctprintf	40	static
