../Core/Src/stm32f1xx_hal_msp.c:66:6:HAL_MspInit	24	static
../Core/Src/stm32f1xx_hal_msp.c:92:6:HAL_ADC_MspInit	40	static
../Core/Src/stm32f1xx_hal_msp.c:124:6:HAL_ADC_MspDeInit	16	static
../Core/Src/stm32f1xx_hal_msp.c:152:6:HAL_RTC_MspInit	24	static
../Core/Src/stm32f1xx_hal_msp.c:177:6:HAL_RTC_MspDeInit	16	static
../Core/Src/stm32f1xx_hal_msp.c:199:6:HAL_TIM_Base_MspInit	32	static
../Core/Src/stm32f1xx_hal_msp.c:254:6:HAL_TIM_MspPostInit	40	static
../Core/Src/stm32f1xx_hal_msp.c:284:6:HAL_TIM_Base_MspDeInit	16	static
../Core/Src/stm32f1xx_hal_msp.c:345:6:HAL_UART_MspInit	48	static
../Core/Src/stm32f1xx_hal_msp.c:417:6:HAL_UART_MspDeInit	16	static
../Core/Src/stm32f1xx_hal_msp.c:464:13:HAL_FSMC_MspInit	32	static
../Core/Src/stm32f1xx_hal_msp.c:517:6:HAL_SRAM_MspInit	16	static
../Core/Src/stm32f1xx_hal_msp.c:529:13:HAL_FSMC_MspDeInit	8	static
../Core/Src/stm32f1xx_hal_msp.c:575:6:HAL_SRAM_MspDeInit	16	static
