../Core/Src/stm32f1xx_it.c:77:6:NMI_Handler	4	static
../Core/Src/stm32f1xx_it.c:90:6:HardFault_Handler	4	static
../Core/Src/stm32f1xx_it.c:105:6:MemManage_Handler	4	static
../Core/Src/stm32f1xx_it.c:120:6:BusFault_Handler	4	static
../Core/Src/stm32f1xx_it.c:135:6:UsageFault_Handler	4	static
../Core/Src/stm32f1xx_it.c:150:6:SVC_Handler	4	static
../Core/Src/stm32f1xx_it.c:163:6:DebugMon_Handler	4	static
../Core/Src/stm32f1xx_it.c:176:6:PendSV_Handler	4	static
../Core/Src/stm32f1xx_it.c:189:6:SysTick_Handler	8	static
../Core/Src/stm32f1xx_it.c:211:6:EXTI0_IRQHandler	8	static
../Core/Src/stm32f1xx_it.c:231:6:EXTI4_IRQHandler	8	static
../Core/Src/stm32f1xx_it.c:251:6:TIM3_IRQHandler	8	static
../Core/Src/stm32f1xx_it.c:273:6:USART1_IRQHandler	16	static
../Core/Src/stm32f1xx_it.c:293:6:USART3_IRQHandler	8	static
../Core/Src/stm32f1xx_it.c:309:6:EXTI15_10_IRQHandler	8	static
../Core/Src/stm32f1xx_it.c:330:6:TIM5_IRQHandler	8	static
