../Core/Src/UI.c:5:9:Check_touchkey	24	static
../Core/Src/UI.c:14:6:Render	24	static
../Core/Src/UI.c:45:6:UI_Drink_Water	8	static
../Core/Src/UI.c:61:6:UI_Home	8	static
../Core/Src/UI.c:69:6:UI_Home_Display_Button	8	static
../Core/Src/UI.c:82:6:UI_Home_Display_Date	32	static
../Core/Src/UI.c:98:6:UI_Home_Display_Time	32	static
../Core/Src/UI.c:114:6:UI_Home_Display_Pet	16	static
../Core/Src/UI.c:119:6:UI_Home_Display_DHT11	32	static
../Core/Src/UI.c:139:6:UI_Stats	8	static
../Core/Src/UI.c:148:6:UI_Stats_Update	64	static
../Core/Src/UI.c:187:6:UI_Config	8	static
../Core/Src/UI.c:193:6:UI_Time_set	8	static
