../Core/Src/UI.c:7:9:Check_touchkey	24	static
../Core/Src/UI.c:16:6:Render	24	static
../Core/Src/UI.c:50:6:UI_Drink_Water	8	static
../Core/Src/UI.c:75:6:UI_WATER_WIFI_HANDLE	24	static
../Core/Src/UI.c:97:6:UI_Home	8	static
../Core/Src/UI.c:105:6:UI_Home_Display_Button	8	static
../Core/Src/UI.c:118:6:UI_Home_Display_Date	32	static
../Core/Src/UI.c:134:6:UI_Home_Display_Time	32	static
../Core/Src/UI.c:150:6:UI_Home_Display_Pet	16	static
../Core/Src/UI.c:155:6:UI_Home_Display_DHT11	32	static
../Core/Src/UI.c:175:6:UI_Stats	8	static
../Core/Src/UI.c:185:6:UI_Stats_Update	56	static
../Core/Src/UI.c:232:6:UI_Set	32	static
../Core/Src/UI.c:245:6:UI_Set_Update	32	static
../Core/Src/UI.c:252:6:UI_Config	8	static
../Core/Src/UI.c:258:6:UI_Time_set	8	static
